
TRAP step      1: T= 0.000000000000000E+00, H= 1.000000000000000E+00
  Preconditioner updated at T= 1.000000000000000E+00
    1: error= 7.009860848623321E-02
    2: error= 9.449507055736798E-04
  NLK BCE solve succeeded:   2 iterations, error= 9.449507055736798E-04
  Step accepted: no local error control

BDF2 step      2: T= 1.000000000000000E+00, H= 1.000000000000000E+00
    1: error= 4.082997620189117E-01
    2: error= 1.734271803028727E-02
    3: error= 8.016751075033610E-04
  NLK BCE solve succeeded:   3 iterations, error= 8.016751075033610E-04
  Step accepted: no local error control

BDF2 step      3: T= 2.000000000000000E+00, H= 1.000000000000000E+00
    1: error= 6.498111771626468E-02
    2: error= 1.818447688419329E-02
    3: error= 4.367885180776991E-04
  NLK BCE solve succeeded:   3 iterations, error= 4.367885180776991E-04
  Step accepted: no local error control

BDF2 step      4: T= 3.000000000000000E+00, H= 1.000000000000000E+00
    1: error= 5.170595495722797E-02
    2: error= 1.397301075361761E-02
    3: error= 1.162971055796146E-04
  NLK BCE solve succeeded:   3 iterations, error= 1.162971055796146E-04
  Step accepted: perr= 6.501335278660859E-02

BDF2 step      5: T= 4.000000000000000E+00, H= 2.679706662470576E+00
    1: error= 1.357809625246144E-01
    2: error= 1.574672123956386E-01
    3: error= 4.693090546225500E-03
  NLK BCE solve succeeded:   3 iterations, error= 4.693090546225500E-03
  Step accepted: perr= 2.920382248404181E-01

BDF2 step      6: T= 6.679706662470576E+00, H= 2.483072003962107E+00
    1: error= 1.095479510370336E-01
    2: error= 3.975459866808455E-02
    3: error= 8.177201257147774E-03
  NLK BCE solve succeeded:   3 iterations, error= 8.177201257147774E-03
  Step accepted: perr= 1.095479510370336E-01

BDF2 step      7: T= 9.162778666432683E+00, H= 4.878339193864363E+00
  Preconditioner updated at T= 1.404111786029705E+01
    1: error= 4.989635462332817E-01
    2: error= 1.149542550238924E-02
    3: error= 1.893967175543632E-04
  NLK BCE solve succeeded:   3 iterations, error= 1.893967175543632E-04
  Step accepted: perr= 4.989635462332817E-01

BDF2 step      8: T= 1.404111786029705E+01, H= 3.760676379289244E+00
    1: error= 4.989584230702546E-01
    2: error= 1.959136140786944E-02
    3: error= 2.309610736724988E-04
  NLK BCE solve succeeded:   3 iterations, error= 2.309610736724988E-04
  Step accepted: perr= 4.989584230702546E-01

BDF2 step      9: T= 1.780179423958629E+01, H= 3.827619136585049E+00
    1: error= 5.169907794561207E-01
    2: error= 3.152940886933128E-02
    3: error= 3.906027188882196E-04
  NLK BCE solve succeeded:   3 iterations, error= 3.906027188882196E-04
  Step accepted: perr= 4.987492181768114E-01

BDF2 step     10: T= 2.162941337617134E+01, H= 4.000996078548230E+00
    1: error= 5.457099392965792E-01
    2: error= 2.283042460288842E-02
    3: error= 2.198721502542036E-04
  NLK BCE solve succeeded:   3 iterations, error= 2.198721502542036E-04
  Step accepted: perr= 5.230981524615713E-01

BDF2 step     11: T= 2.563040945471957E+01, H= 3.813694237875453E+00
    1: error= 5.032313805302759E-01
    2: error= 2.877614744155004E-02
    3: error= 3.343276010426946E-04
  NLK BCE solve succeeded:   3 iterations, error= 3.343276010426946E-04
  Step accepted: perr= 4.750127898034942E-01

BDF2 step     12: T= 2.944410369259502E+01, H= 3.976276818899613E+00
    1: error= 5.297314214352292E-01
    2: error= 2.365466129692363E-02
    3: error= 2.388118707335693E-04
  NLK BCE solve succeeded:   3 iterations, error= 2.388118707335693E-04
  Step accepted: perr= 5.063161844599552E-01

BDF2 step     13: T= 3.342038051149463E+01, H= 3.737948653184169E+00
    1: error= 4.780520264778680E-01
    2: error= 3.136455734796554E-02
    3: error= 3.977590600687044E-04
  NLK BCE solve succeeded:   3 iterations, error= 3.977590600687044E-04
  Step accepted: perr= 4.519042075709256E-01

BDF2 step     14: T= 3.715832916467880E+01, H= 3.513905286329638E+00
    1: error= 4.268280165348361E-01
    2: error= 4.042620636653087E-02
    3: error= 6.381487479328232E-04
  NLK BCE solve succeeded:   3 iterations, error= 6.381487479328232E-04
  Step accepted: perr= 3.876501759230774E-01

BDF2 step     15: T= 4.067223445100844E+01, H= 3.303290522938873E+00
    1: error= 3.686694114822307E-01
    2: error= 4.565808522765630E-02
    3: error= 8.468032299086683E-04
  NLK BCE solve succeeded:   3 iterations, error= 8.468032299086683E-04
  Step accepted: perr= 3.238570357207844E-01

BDF2 step     16: T= 4.397552497394732E+01, H= 3.105299485842245E+00
    1: error= 3.150866032916652E-01
    2: error= 4.824168296198147E-02
    3: error= 1.022304310886790E-03
  NLK BCE solve succeeded:   3 iterations, error= 1.022304310886790E-03
  Step accepted: perr= 2.678660729145677E-01

BDF2 step     17: T= 4.708082445978956E+01, H= 2.919175540210439E+00
    1: error= 2.691743038485051E-01
    2: error= 4.910088668493772E-02
    3: error= 1.164595047405995E-03
  NLK BCE solve succeeded:   3 iterations, error= 1.164595047405995E-03
  Step accepted: perr= 2.212369044491544E-01

BDF2 step     18: T= 5.000000000000000E+01, H= 1.840097529930532E+00
    1: error= 1.294053190219254E-01
    2: error= 4.742672766966626E-02
    3: error= 1.804741786527322E-03
  NLK BCE solve succeeded:   3 iterations, error= 1.804741786527322E-03
  Step accepted: perr= 9.227773287488099E-02

BDF2 step     19: T= 5.184009752993053E+01, H= 1.159902470069468E+00
    1: error= 5.889104933684697E-02
    2: error= 3.270209648068065E-02
    3: error= 1.529685258523753E-03
  NLK BCE solve succeeded:   3 iterations, error= 1.529685258523753E-03
  Step accepted: perr= 2.807075644462927E-02

BDF2 step     20: T= 5.300000000000000E+01, H= 4.639609880277874E+00
    1: error= 3.840759468365548E-01
    2: error= 2.055977824549478E-02
    3: error= 2.107112368184221E-04
  NLK BCE solve succeeded:   3 iterations, error= 2.107112368184221E-04
  Step accepted: perr= 3.640434971791061E-01

BDF2 step     21: T= 5.763960988027787E+01, H= 3.624870807805571E+00
    1: error= 3.747916788376502E-01
    2: error= 2.226166030543018E-02
    3: error= 2.961045195368106E-04
  NLK BCE solve succeeded:   3 iterations, error= 2.961045195368106E-04
  Step accepted: perr= 3.747916788376502E-01

BDF2 step     22: T= 6.126448068808345E+01, H= 4.014947780460837E+00
    1: error= 5.021679218921076E-01
    2: error= 2.246064684975926E-02
    3: error= 2.338895790088676E-04
  NLK BCE solve succeeded:   3 iterations, error= 2.338895790088676E-04
  Step accepted: perr= 4.981501002468325E-01

BDF2 step     23: T= 6.527942846854428E+01, H= 4.028283894359532E+00
    1: error= 5.234147495565685E-01
    2: error= 1.866532390484880E-02
    3: error= 1.990136850133472E-04
  NLK BCE solve succeeded:   3 iterations, error= 1.990136850133472E-04
  Step accepted: perr= 5.049306252061639E-01

BDF2 step     24: T= 6.930771236290381E+01, H= 3.929333838829123E+00
    1: error= 5.158007059857327E-01
    2: error= 2.324078676929383E-02
    3: error= 2.365679078175100E-04
  NLK BCE solve succeeded:   3 iterations, error= 2.365679078175100E-04
  Step accepted: perr= 4.928027235710542E-01

BDF2 step     25: T= 7.323704620173294E+01, H= 4.003230319695305E+00
    1: error= 5.256857861758518E-01
    2: error= 2.087911746906550E-02
    3: error= 2.002541912470699E-04
  NLK BCE solve succeeded:   3 iterations, error= 2.002541912470699E-04
  Step accepted: perr= 5.050061712620444E-01

BDF2 step     26: T= 7.724027652142824E+01, H= 3.965979145935208E+00
    1: error= 5.135078942039015E-01
    2: error= 2.153639604966870E-02
    3: error= 2.106604365211337E-04
  NLK BCE solve succeeded:   3 iterations, error= 2.106604365211337E-04
  Step accepted: perr= 4.921810630444079E-01

BDF2 step     27: T= 8.120625566736345E+01, H= 4.003712574943165E+00
    1: error= 5.196223412805591E-01
    2: error= 2.026058808634458E-02
    3: error= 1.983539567298740E-04
  NLK BCE solve succeeded:   3 iterations, error= 1.983539567298740E-04
  Step accepted: perr= 4.995512019273619E-01

BDF2 step     28: T= 8.520996824230662E+01, H= 3.995281876984734E+00
    1: error= 5.175167242505699E-01
    2: error= 2.022633775122062E-02
    3: error= 1.977487423896669E-04
  NLK BCE solve succeeded:   3 iterations, error= 1.977487423896669E-04
  Step accepted: perr= 4.976450710092280E-01

BDF2 step     29: T= 8.920525011929135E+01, H= 4.002543409160225E+00
    1: error= 5.194694670961749E-01
    2: error= 2.002026763420961E-02
    3: error= 1.982538185539907E-04
  NLK BCE solve succeeded:   3 iterations, error= 1.982538185539907E-04
  Step accepted: perr= 4.996352218608934E-01

BDF2 step     30: T= 9.320779352845157E+01, H= 4.002368165267498E+00
    1: error= 5.193558973709098E-01
    2: error= 1.995067716504724E-02
    3: error= 1.981443593128454E-04
  NLK BCE solve succeeded:   3 iterations, error= 1.981443593128454E-04
  Step accepted: perr= 4.995901421551453E-01

BDF2 step     31: T= 9.721016169371907E+01, H= 4.002917514814143E+00
    1: error= 3.625661782421638E-01
    2: error= 1.345747428663963E-02
    3: error= 1.213023564557516E-04
  NLK BCE solve succeeded:   3 iterations, error= 1.213023564557516E-04
  Step accepted: perr= 3.492176690615399E-01

BDF2 step     32: T= 1.012130792085332E+02, H= 4.845256032127324E+00
    1: error= 5.697901167810538E+00
    2: error= 2.222111069705636E-01
    3: error= 3.951073298868893E-03
  NLK BCE solve succeeded:   3 iterations, error= 3.951073298868893E-03
  Step REJECTED: perr= 5.697901167810538E+00

BDF2 step     32: T= 1.012130792085332E+02, H= 2.422628016063655E+00
    1: error= 1.822333931399599E+00
    2: error= 2.392729987760300E-01
    3: error= 1.263693559050494E-02
    4: error= 4.329879185904239E-05
  NLK BCE solve succeeded:   4 iterations, error= 4.329879185904239E-05
  Step accepted: perr= 1.822333931399599E+00

BDF2 step     33: T= 1.036357072245969E+02, H= 1.456613217879394E+00
    1: error= 5.552731958213376E-01
    2: error= 2.642091467521533E-01
    3: error= 1.397847712899811E-02
    4: error= 1.481986330478446E-04
  NLK BCE solve succeeded:   4 iterations, error= 1.481986330478446E-04
  Step accepted: perr= 3.589274557924828E-01

BDF2 step     34: T= 1.050923204424763E+02, H= 2.479208027611790E+00
    1: error= 7.153329078598710E-01
    2: error= 2.030072180355545E-01
    3: error= 3.182731881054372E-03
  NLK BCE solve succeeded:   3 iterations, error= 3.182731881054372E-03
  Step accepted: perr= 5.154374299257843E-01

BDF2 step     35: T= 1.075715284700881E+02, H= 2.142463636048987E+00
    1: error= 2.005324410467803E-01
    2: error= 5.551722940063791E-02
    3: error= 7.101348200612516E-04
  NLK BCE solve succeeded:   3 iterations, error= 7.101348200612516E-04
  Step accepted: perr= 1.453570028017685E-01

BDF2 step     36: T= 1.097139921061370E+02, H= 3.956784676263254E+00
    1: error= 1.482283690994670E-01
    2: error= 1.071261117904406E-02
    3: error= 6.773695434827268E-05
  NLK BCE solve succeeded:   3 iterations, error= 6.773695434827268E-05
  Step accepted: perr= 1.375823058344851E-01

BDF2 step     37: T= 1.136707767824003E+02, H= 5.000000000000000E+00
    1: error= 1.071377893641351E-02
    2: error= 6.726302830725013E-04
  NLK BCE solve succeeded:   2 iterations, error= 6.726302830725013E-04
  Step accepted: perr= 1.108235796228496E-02

BDF2 step     38: T= 1.186707767824003E+02, H= 5.000000000000000E+00
    1: error= 2.382801325540336E-02
    2: error= 1.767222051118965E-03
  NLK BCE solve succeeded:   2 iterations, error= 1.767222051118965E-03
  Step accepted: perr= 2.517263821085003E-02

BDF2 step     39: T= 1.236707767824003E+02, H= 5.000000000000014E+00
    1: error= 1.072029884897840E-02
    2: error= 7.942534439073202E-04
  NLK BCE solve succeeded:   2 iterations, error= 7.942534439073202E-04
  Step accepted: perr= 1.132483110618465E-02

BDF2 step     40: T= 1.286707767824003E+02, H= 4.737632480605271E+00
    1: error= 2.205574933370807E-03
    2: error= 1.252257187503789E-04
  NLK BCE solve succeeded:   2 iterations, error= 1.252257187503789E-04
  Step accepted: perr= 2.291453186404578E-03

BDF2 step     41: T= 1.334084092630056E+02, H= 4.489032304257222E+00
    1: error= 9.930386888150767E-05
  NLK BCE solve succeeded:   1 iterations, error= 9.930386888150767E-05
  Step accepted: perr= 9.930386891099138E-05

BDF2 step     42: T= 1.378974415672628E+02, H= 4.253477050227048E+00
    1: error= 2.954878504621190E-04
    2: error= 6.059144807838346E-06
  NLK BCE solve succeeded:   2 iterations, error= 6.059144807838346E-06
  Step accepted: perr= 2.964674351287566E-04

BDF2 step     43: T= 1.421509186174899E+02, H= 4.030282205732959E+00
    1: error= 1.338584074456133E-04
    2: error= 3.559594331720670E-06
  NLK BCE solve succeeded:   2 iterations, error= 3.559594331720670E-06
  Step accepted: perr= 1.302988136068914E-04

BDF2 step     44: T= 1.461812008232228E+02, H= 3.818799176777190E+00
    1: error= 3.473900155909428E-05
  NLK BCE solve succeeded:   1 iterations, error= 3.473900155909428E-05
  Step accepted: perr= 3.473900091826116E-05
