
TRAP step      1: T= 0.00000E+00, H= 1.00000E-03, ETAH= 5.00000E-04
  Preconditioner updated at T= 1.00000E-03, ETAH= 5.00000E-04
    1: error= 5.14053E-01
    2: error= 6.02076E-02
    3: error= 3.05757E-03
  AIN BCE solve succeeded:   3 iterations, error= 3.05757E-03
  Step accepted: no local error control

BDF2 step      2: T= 1.00000E-03, H= 1.00000E-03, ETAH= 6.66667E-04
    1: error= 3.20235E-01
    2: error= 5.98643E-02
    3: error= 1.48511E-02
  AIN BCE solve succeeded:   3 iterations, error= 1.48511E-02
  Step accepted: no local error control

BDF2 step      3: T= 2.00000E-03, H= 1.00000E-03, ETAH= 6.66667E-04
    1: error= 3.79614E-02
    2: error= 6.89064E-03
  AIN BCE solve succeeded:   2 iterations, error= 6.89064E-03
  Step accepted: no local error control

BDF2 step      4: T= 3.00000E-03, H= 1.00000E-03, ETAH= 6.66667E-04
    1: error= 3.74552E-02
    2: error= 7.08167E-03
  AIN BCE solve succeeded:   2 iterations, error= 7.08167E-03
  Step accepted: perr= 4.34881E-02

BDF2 step      5: T= 4.00000E-03, H= 3.18252E-03, ETAH= 1.80732E-03
    1: error= 3.19144E-01
    2: error= 6.68940E-02
    3: error= 1.07047E-01
    4: error= 9.13547E-02
    5: error= 1.50233E-02
  AIN BCE solve succeeded:   5 iterations, error= 1.50233E-02
  Step accepted: perr= 4.47689E-01

BDF2 step      6: T= 7.18252E-03, H= 2.22420E-03, ETAH= 1.57591E-03
    1: error= 3.00886E-01
    2: error= 5.26562E-02
    3: error= 6.75940E-02
    4: error= 6.14072E-02
    5: error= 6.10818E-03
  AIN BCE solve succeeded:   5 iterations, error= 6.10818E-03
  Step accepted: perr= 3.76892E-01

BDF2 step      7: T= 9.40672E-03, H= 2.62464E-03, ETAH= 1.70288E-03
    1: error= 3.55209E-01
    2: error= 6.77516E-02
    3: error= 8.80896E-02
    4: error= 6.58165E-02
    5: error= 4.21317E-02
  AIN BCE solve succeeded:   5 iterations, error= 4.21317E-02
  Step accepted: perr= 4.60395E-01

BDF2 step      8: T= 1.20314E-02, H= 2.73283E-03, ETAH= 1.80970E-03
    1: error= 3.29437E-01
    2: error= 6.64690E-02
    3: error= 8.53866E-02
    4: error= 4.12400E-02
  AIN BCE solve succeeded:   4 iterations, error= 4.12400E-02
  Step accepted: perr= 3.95846E-01

BDF2 step      9: T= 1.47642E-02, H= 2.96062E-03, ETAH= 1.94777E-03
    1: error= 3.74168E-01
    2: error= 9.55154E-02
    3: error= 1.25303E-01
    4: error= 6.26648E-02
    5: error= 1.57672E-01
    6: error= 7.19885E-03
  AIN BCE solve succeeded:   6 iterations, error= 7.19885E-03
  Step accepted: perr= 6.38721E-01

BDF2 step     10: T= 1.77248E-02, H= 2.47330E-03, ETAH= 1.69968E-03
    1: error= 2.35857E-01
    2: error= 4.28312E-02
  AIN BCE solve succeeded:   2 iterations, error= 4.28312E-02
  Step accepted: perr= 2.27995E-01

BDF2 step     11: T= 2.01981E-02, H= 3.97124E-03, ETAH= 2.45712E-03
  Preconditioner updated at T= 2.41694E-02, ETAH= 2.45712E-03
    1: error= 1.05127E+00
    2: error= 1.93073E-01
    3: error= 1.04026E-02
  AIN BCE solve succeeded:   3 iterations, error= 1.04026E-02
  Step accepted: perr= 1.05137E+00

BDF2 step     12: T= 2.41694E-02, H= 2.16612E-03, ETAH= 1.60105E-03
    1: error= 2.30524E-01
    2: error= 6.36569E-02
    3: error= 6.36517E-03
  AIN BCE solve succeeded:   3 iterations, error= 6.36517E-03
  Step accepted: perr= 1.93206E-01

BDF2 step     13: T= 2.63355E-02, H= 4.34282E-03, ETAH= 2.60484E-03
    1: error= 5.72463E-01
    2: error= 1.13956E-01
    3: error= 9.72330E-03
  AIN BCE solve succeeded:   3 iterations, error= 9.72330E-03
  Step accepted: perr= 5.94295E-01

BDF2 step     14: T= 3.06783E-02, H= 3.31390E-03, ETAH= 2.31287E-03
    1: error= 3.82654E-01
    2: error= 7.65579E-02
    3: error= 9.13202E-03
  AIN BCE solve succeeded:   3 iterations, error= 9.13202E-03
  Step accepted: perr= 3.59748E-01

BDF2 step     15: T= 3.39922E-02, H= 4.03327E-03, ETAH= 2.60386E-03
    1: error= 4.69100E-01
    2: error= 1.05368E-01
    3: error= 1.95461E-02
  AIN BCE solve succeeded:   3 iterations, error= 1.95461E-02
  Step accepted: perr= 4.82287E-01

BDF2 step     16: T= 3.80255E-02, H= 3.96732E-03, ETAH= 2.65217E-03
    1: error= 3.95835E-01
    2: error= 1.01539E-01
    3: error= 2.42535E-02
  AIN BCE solve succeeded:   3 iterations, error= 2.42535E-02
  Step accepted: perr= 4.10962E-01

BDF2 step     17: T= 4.19928E-02, H= 4.29822E-03, ETAH= 2.82774E-03
    1: error= 3.90610E-01
    2: error= 1.08096E-01
    3: error= 2.84705E-02
  AIN BCE solve succeeded:   3 iterations, error= 2.84705E-02
  Step accepted: perr= 4.23542E-01

BDF2 step     18: T= 4.62910E-02, H= 4.54940E-03, ETAH= 3.00450E-03
    1: error= 3.67192E-01
    2: error= 1.11992E-01
    3: error= 2.67511E-02
  AIN BCE solve succeeded:   3 iterations, error= 2.67511E-02
  Step accepted: perr= 4.15701E-01

BDF2 step     19: T= 5.08404E-02, H= 4.83329E-03, ETAH= 3.19002E-03
    1: error= 3.46765E-01
    2: error= 1.10785E-01
    3: error= 3.31550E-02
  AIN BCE solve succeeded:   3 iterations, error= 3.31550E-02
  Step accepted: perr= 4.12039E-01

BDF2 step     20: T= 5.56737E-02, H= 5.17089E-03, ETAH= 3.40892E-03
    1: error= 3.25325E-01
    2: error= 1.06412E-01
    3: error= 4.28205E-02
  AIN BCE solve succeeded:   3 iterations, error= 4.28205E-02
  Step accepted: perr= 4.09990E-01

BDF2 step     21: T= 6.08446E-02, H= 5.52647E-03, ETAH= 3.64394E-03
    1: error= 3.07498E-01
    2: error= 9.95045E-02
    3: error= 5.53273E-02
    4: error= 3.92630E-02
  AIN BCE solve succeeded:   4 iterations, error= 3.92630E-02
  Step accepted: perr= 4.17093E-01

BDF2 step     22: T= 6.63710E-02, H= 5.84826E-03, ETAH= 3.86242E-03
    1: error= 3.78947E-01
    2: error= 1.67844E-01
    3: error= 6.19594E-02
    4: error= 4.88791E-02
  AIN BCE solve succeeded:   4 iterations, error= 4.88791E-02
  Step accepted: perr= 3.81280E-01

BDF2 step     23: T= 7.22193E-02, H= 6.52076E-03, ETAH= 4.26979E-03
    1: error= 2.95525E-01
    2: error= 1.49320E-01
    3: error= 1.20616E-01
    4: error= 6.77274E-02
    5: error= 1.22113E-02
  AIN BCE solve succeeded:   5 iterations, error= 1.22113E-02
  Step accepted: perr= 4.25526E-01

BDF2 step     24: T= 7.87401E-02, H= 6.71464E-03, ETAH= 4.45467E-03
    1: error= 2.92650E-01
    2: error= 1.63648E-01
    3: error= 1.50566E-01
    4: error= 5.79113E-02
    5: error= 1.13641E-02
  AIN BCE solve succeeded:   5 iterations, error= 1.13641E-02
  Step accepted: perr= 3.96211E-01

BDF2 step     25: T= 8.54547E-02, H= 7.37244E-03, ETAH= 4.83963E-03
    1: error= 3.56298E-01
    2: error= 2.60639E-01
    3: error= 1.76397E-01
    4: error= 8.16307E-02
    5: error= 1.50510E-02
  AIN BCE solve succeeded:   5 iterations, error= 1.50510E-02
  Step accepted: perr= 4.33526E-01

BDF2 step     26: T= 9.28271E-02, H= 7.60105E-03, ETAH= 5.04171E-03
    1: error= 3.38027E-01
    2: error= 2.65452E-01
    3: error= 1.85126E-01
    4: error= 7.83620E-02
    5: error= 1.69562E-02
  AIN BCE solve succeeded:   5 iterations, error= 1.69562E-02
  Step accepted: perr= 4.17494E-01

BDF2 step     27: T= 1.00428E-01, H= 8.13213E-03, ETAH= 5.36110E-03
    1: error= 3.47315E-01
    2: error= 2.92273E-01
    3: error= 1.86167E-01
    4: error= 8.38562E-02
    5: error= 1.88224E-02
  AIN BCE solve succeeded:   5 iterations, error= 1.88224E-02
  Step accepted: perr= 4.27781E-01

BDF2 step     28: T= 1.08560E-01, H= 8.53906E-03, ETAH= 5.64676E-03
    1: error= 3.46923E-01
    2: error= 3.00040E-01
    3: error= 1.86397E-01
    4: error= 7.63081E-02
    5: error= 1.93420E-02
  AIN BCE solve succeeded:   5 iterations, error= 1.93420E-02
  Step accepted: perr= 4.22765E-01

BDF2 step     29: T= 1.17099E-01, H= 9.04080E-03, ETAH= 5.97040E-03
    1: error= 3.53549E-01
    2: error= 3.01757E-01
    3: error= 1.70941E-01
    4: error= 6.11525E-02
    5: error= 1.82582E-02
  AIN BCE solve succeeded:   5 iterations, error= 1.82582E-02
  Step accepted: perr= 4.31273E-01

BDF2 step     30: T= 1.26140E-01, H= 9.46573E-03, ETAH= 6.26255E-03
    1: error= 3.54334E-01
    2: error= 2.79132E-01
    3: error= 1.69636E-01
    4: error= 4.03453E-02
  AIN BCE solve succeeded:   4 iterations, error= 4.03453E-02
  Step accepted: perr= 4.31482E-01

BDF2 step     31: T= 1.35606E-01, H= 9.94292E-03, ETAH= 6.57473E-03
    1: error= 5.51651E-01
    2: error= 4.69182E-01
    3: error= 2.14007E-01
    4: error= 6.45778E-02
    5: error= 2.37385E-02
  AIN BCE solve succeeded:   5 iterations, error= 2.37385E-02
  Step accepted: perr= 4.45312E-01

BDF2 step     32: T= 1.45549E-01, H= 1.02731E-02, ETAH= 6.81166E-03
    1: error= 4.77631E-01
    2: error= 3.21694E-01
    3: error= 2.65818E-01
    4: error= 1.26300E-01
    5: error= 3.44737E-02
  AIN BCE solve succeeded:   5 iterations, error= 3.44737E-02
  Step accepted: perr= 4.20209E-01

BDF2 step     33: T= 1.55822E-01, H= 1.10243E-02, ETAH= 7.26412E-03
    1: error= 6.54131E-01
    2: error= 4.60061E-01
    3: error= 2.38262E-01
    4: error= 1.41271E-01
    5: error= 7.46092E-02
    6: error= 1.45846E-02
  AIN BCE solve succeeded:   6 iterations, error= 1.45846E-02
  Step accepted: perr= 4.31400E-01

BDF2 step     34: T= 1.66846E-01, H= 1.15042E-02, ETAH= 7.61538E-03
    1: error= 5.98708E-01
    2: error= 2.26359E-01
    3: error= 1.95692E-01
    4: error= 8.47273E-02
    5: error= 5.26243E-02
    6: error= 2.01403E-02
  AIN BCE solve succeeded:   6 iterations, error= 2.01403E-02
  Step accepted: perr= 4.25034E-01

BDF2 step     35: T= 1.78350E-01, H= 1.21723E-02, ETAH= 8.03924E-03
    1: error= 6.71081E-01
    2: error= 2.33260E-01
    3: error= 3.52076E-01
    4: error= 3.82453E-01
    5: error= 1.07254E-01
    6: error= 2.84857E-02
  AIN BCE solve succeeded:   6 iterations, error= 2.84857E-02
  Step accepted: perr= 4.26155E-01

BDF2 step     36: T= 1.90523E-01, H= 1.28435E-02, ETAH= 8.48645E-03
    1: error= 6.86946E-01
    2: error= 2.61368E-01
    3: error= 4.53737E-01
    4: error= 4.69108E-01
    5: error= 1.14853E-01
    6: error= 3.87608E-02
  AIN BCE solve succeeded:   6 iterations, error= 3.87608E-02
  Step accepted: perr= 4.27919E-01

BDF2 step     37: T= 2.03366E-01, H= 1.35065E-02, ETAH= 8.92947E-03
    1: error= 7.00120E-01
    2: error= 2.66034E-01
    3: error= 3.95737E-01
    4: error= 3.14010E-01
    5: error= 1.88163E-01
    6: error= 5.07911E-02
    7: error= 4.49902E-02
  AIN BCE solve succeeded:   7 iterations, error= 4.49902E-02
  Step accepted: perr= 4.43530E-01

BDF2 step     38: T= 2.16873E-01, H= 1.39597E-02, ETAH= 9.25557E-03
    1: error= 6.47959E-01
    2: error= 2.47977E-01
    3: error= 3.15783E-01
    4: error= 2.06156E-01
    5: error= 2.04328E-01
    6: error= 5.71629E-02
    7: error= 4.77816E-02
  AIN BCE solve succeeded:   7 iterations, error= 4.77816E-02
  Step accepted: perr= 4.16344E-01

BDF2 step     39: T= 2.30833E-01, H= 1.50494E-02, ETAH= 9.90887E-03
  Preconditioner updated at T= 2.45882E-01, ETAH= 9.90887E-03
    1: error= 5.25681E-01
    2: error= 1.14930E-01
    3: error= 5.86692E-02
    4: error= 2.73418E-02
  AIN BCE solve succeeded:   4 iterations, error= 2.73418E-02
  Step accepted: perr= 5.30379E-01

BDF2 step     40: T= 2.45882E-01, H= 1.40029E-02, ETAH= 9.44870E-03
    1: error= 2.31150E-01
    2: error= 8.67536E-02
    3: error= 6.45598E-02
    4: error= 4.85639E-02
  AIN BCE solve succeeded:   4 iterations, error= 4.85639E-02
  Step accepted: perr= 3.73349E-01

BDF2 step     41: T= 2.59885E-01, H= 1.66906E-02, ETAH= 1.08115E-02
    1: error= 3.12009E-01
    2: error= 1.36529E-01
    3: error= 1.00340E-01
    4: error= 1.05915E-01
    5: error= 4.21410E-01
    6: error= 2.37589E-01
    7: error= 6.49710E-03
  AIN BCE solve succeeded:   7 iterations, error= 6.49710E-03
  Step accepted: perr= 1.16910E+00

BDF2 step     42: T= 2.76575E-01, H= 9.51279E-03, ETAH= 6.97912E-03
    1: error= 2.18908E-01
    2: error= 1.25774E-01
    3: error= 7.08590E-02
    4: error= 5.83923E-02
    5: error= 6.37479E-02
    6: error= 7.74912E-02
    7: error= 3.30077E-03
  AIN BCE solve succeeded:   7 iterations, error= 3.30077E-03
  Step accepted: perr= 2.95220E-01

BDF2 step     43: T= 2.86088E-01, H= 1.58820E-02, ETAH= 9.77113E-03
    1: error= 2.42102E-01
    2: error= 7.90498E-02
    3: error= 5.73233E-02
    4: error= 3.89363E-02
  AIN BCE solve succeeded:   4 iterations, error= 3.89363E-02
  Step accepted: perr= 2.43409E-01

BDF2 step     44: T= 3.01970E-01, H= 2.06888E-02, ETAH= 1.32136E-02
    1: error= 2.76314E-01
    2: error= 1.63588E-01
    3: error= 1.12018E-01
    4: error= 1.08365E-01
    5: error= 4.39725E-01
    6: error= 3.80218E-01
    7: error= 5.21166E-03
  AIN BCE solve succeeded:   7 iterations, error= 5.21166E-03
  Step accepted: perr= 1.35037E+00

BDF2 step     45: T= 3.22659E-01, H= 9.35613E-03, ETAH= 7.13443E-03
    1: error= 1.60944E-01
    2: error= 7.77853E-02
    3: error= 4.12493E-02
  AIN BCE solve succeeded:   3 iterations, error= 4.12493E-02
  Step accepted: perr= 1.18615E-01

BDF2 step     46: T= 3.32015E-01, H= 2.66541E-02, ETAH= 1.53168E-02
    1: error= 4.63574E-01
    2: error= 1.67241E-01
    3: error= 6.62557E-02
    4: error= 2.43283E-02
  AIN BCE solve succeeded:   4 iterations, error= 2.43283E-02
  Step accepted: perr= 6.60562E-01

BDF2 step     47: T= 3.58669E-01, H= 1.74620E-02, ETAH= 1.25102E-02
    1: error= 2.09959E-01
    2: error= 8.29472E-02
    3: error= 6.40635E-02
    4: error= 5.97932E-02
    5: error= 9.54086E-02
    6: error= 3.01633E-01
    7: error= 2.09532E-02
  AIN BCE solve succeeded:   7 iterations, error= 2.09532E-02
  Step accepted: perr= 6.93151E-01

BDF2 step     48: T= 3.76131E-01, H= 1.52795E-02, ETAH= 1.04178E-02
    1: error= 1.95213E-01
    2: error= 3.41440E-02
  AIN BCE solve succeeded:   2 iterations, error= 3.41440E-02
  Step accepted: perr= 2.05439E-01

BDF2 step     49: T= 3.91411E-01, H= 2.75163E-02, ETAH= 1.67479E-02
    1: error= 3.32504E-01
    2: error= 1.73761E-01
    3: error= 1.05244E-01
    4: error= 1.02304E-01
    5: error= 1.07245E-01
    6: error= 4.33925E-01
    7: error= 1.36981E-02
  AIN BCE solve succeeded:   7 iterations, error= 1.36981E-02
  Step accepted: perr= 8.82052E-01

BDF2 step     50: T= 4.18927E-01, H= 1.58291E-02, ETAH= 1.15948E-02
    1: error= 1.62190E-01
    2: error= 2.31619E-02
  AIN BCE solve succeeded:   2 iterations, error= 2.31619E-02
  Step accepted: perr= 1.84890E-01

BDF2 step     51: T= 4.34756E-01, H= 1.48206E-02, ETAH= 9.98999E-03
    1: error= 1.28539E-01
    2: error= 6.64524E-02
    3: error= 5.42398E-02
    4: error= 3.74150E-02
  AIN BCE solve succeeded:   4 iterations, error= 3.74150E-02
  Step accepted: perr= 1.31739E-01

BDF2 step     52: T= 4.49577E-01, H= 1.38764E-02, ETAH= 9.35355E-03
    1: error= 8.78240E-02
    2: error= 8.29427E-02
    3: error= 7.19166E-02
    4: error= 2.26549E-01
    5: error= 2.25172E-02
  AIN BCE solve succeeded:   5 iterations, error= 2.25172E-02
  Step accepted: perr= 2.91076E-01

BDF2 step     53: T= 4.63453E-01, H= 1.29924E-02, ETAH= 8.75765E-03
    1: error= 9.58848E-02
    2: error= 1.99598E-02
  AIN BCE solve succeeded:   2 iterations, error= 1.99598E-02
  Step accepted: perr= 8.17412E-02

BDF2 step     54: T= 4.76446E-01, H= 1.21647E-02, ETAH= 8.19972E-03
    1: error= 6.50647E-02
    2: error= 7.31170E-02
    3: error= 4.32151E-02
  AIN BCE solve succeeded:   3 iterations, error= 4.32151E-02
  Step accepted: perr= 1.00954E-01

BDF2 step     55: T= 4.88610E-01, H= 1.13897E-02, ETAH= 7.67733E-03
    1: error= 5.54939E-02
    2: error= 1.60159E-02
  AIN BCE solve succeeded:   2 iterations, error= 1.60159E-02
  Step accepted: perr= 4.44339E-02
