HEAT TRANSFER FUNCTION NORMS
  HC error: ||F||_2 = 1.668E-05 (initial)
  HC error: ||F||_2 = 3.748E-08, scaled = 2.248E+03
    1: error= 2.24762E+03
  HC error: ||F||_2 = 9.856E-11, scaled = 5.910E+00
    2: error= 5.91019E+00
  HC error: ||F||_2 = 2.138E-13, scaled = 1.282E-02
    3: error= 1.28216E-02
  NLK BCE solve succeeded:   3 iterations, error= 1.28216E-02
HEAT TRANSFER FUNCTION NORMS
  HC error: ||F||_2 = 5.434E-04 (initial)
  HC error: ||F||_2 = 3.940E-08, scaled = 7.251E+01
    1: error= 7.25101E+01
  HC error: ||F||_2 = 1.043E-10, scaled = 1.919E-01
    2: error= 1.91892E-01
  NLK BCE solve succeeded:   2 iterations, error= 1.91892E-01
HEAT TRANSFER FUNCTION NORMS
  HC error: ||F||_2 = 5.318E-04 (initial)
  HC error: ||F||_2 = 3.472E-10, scaled = 6.529E-01
    1: error= 6.52917E-01
  HC error: ||F||_2 = 1.640E-12, scaled = 3.083E-03
    2: error= 3.08332E-03
  NLK BCE solve succeeded:   2 iterations, error= 3.08332E-03
HEAT TRANSFER FUNCTION NORMS
  HC error: ||F||_2 = 5.503E-04 (initial)
  HC error: ||F||_2 = 3.453E-10, scaled = 6.274E-01
    1: error= 6.27387E-01
  HC error: ||F||_2 = 1.260E-12, scaled = 2.290E-03
    2: error= 2.28981E-03
  NLK BCE solve succeeded:   2 iterations, error= 2.28981E-03
HEAT TRANSFER FUNCTION NORMS
  HC error: ||F||_2 = 5.738E-04 (initial)
  HC error: ||F||_2 = 3.554E-10, scaled = 6.193E-01
    1: error= 6.19306E-01
  HC error: ||F||_2 = 9.921E-13, scaled = 1.729E-03
    2: error= 1.72892E-03
  NLK BCE solve succeeded:   2 iterations, error= 1.72892E-03
HEAT TRANSFER FUNCTION NORMS
  HC error: ||F||_2 = 6.106E-04 (initial)
  HC error: ||F||_2 = 4.368E-10, scaled = 7.154E-01
    1: error= 7.15443E-01
  HC error: ||F||_2 = 1.668E-12, scaled = 2.731E-03
    2: error= 2.73104E-03
  NLK BCE solve succeeded:   2 iterations, error= 2.73104E-03
HEAT TRANSFER FUNCTION NORMS
  HC error: ||F||_2 = 6.524E-04 (initial)
  HC error: ||F||_2 = 4.678E-10, scaled = 7.170E-01
    1: error= 7.17028E-01
  HC error: ||F||_2 = 1.523E-12, scaled = 2.335E-03
    2: error= 2.33520E-03
  NLK BCE solve succeeded:   2 iterations, error= 2.33520E-03
HEAT TRANSFER FUNCTION NORMS
  HC error: ||F||_2 = 7.297E-04 (initial)
  HC error: ||F||_2 = 5.868E-10, scaled = 8.042E-01
    1: error= 8.04217E-01
  HC error: ||F||_2 = 2.081E-12, scaled = 2.852E-03
    2: error= 2.85190E-03
  NLK BCE solve succeeded:   2 iterations, error= 2.85190E-03
HEAT TRANSFER FUNCTION NORMS
  HC error: ||F||_2 = 7.189E-04 (initial)
  HC error: ||F||_2 = 5.614E-10, scaled = 7.810E-01
    1: error= 7.81009E-01
  HC error: ||F||_2 = 1.839E-12, scaled = 2.558E-03
    2: error= 2.55787E-03
  NLK BCE solve succeeded:   2 iterations, error= 2.55787E-03
HEAT TRANSFER FUNCTION NORMS
  HC error: ||F||_2 = 7.612E-04 (initial)
  HC error: ||F||_2 = 6.520E-10, scaled = 8.566E-01
    1: error= 8.56569E-01
  HC error: ||F||_2 = 2.150E-12, scaled = 2.824E-03
    2: error= 2.82431E-03
  NLK BCE solve succeeded:   2 iterations, error= 2.82431E-03
HEAT TRANSFER FUNCTION NORMS
  HC error: ||F||_2 = 7.540E-04 (initial)
  HC error: ||F||_2 = 6.404E-10, scaled = 8.494E-01
    1: error= 8.49389E-01
  HC error: ||F||_2 = 1.846E-12, scaled = 2.448E-03
    2: error= 2.44808E-03
  NLK BCE solve succeeded:   2 iterations, error= 2.44808E-03
HEAT TRANSFER FUNCTION NORMS
  HC error: ||F||_2 = 7.741E-04 (initial)
  HC error: ||F||_2 = 6.658E-10, scaled = 8.600E-01
    1: error= 8.60020E-01
  HC error: ||F||_2 = 1.749E-12, scaled = 2.259E-03
    2: error= 2.25871E-03
  NLK BCE solve succeeded:   2 iterations, error= 2.25871E-03
HEAT TRANSFER FUNCTION NORMS
  HC error: ||F||_2 = 7.993E-04 (initial)
  HC error: ||F||_2 = 7.187E-10, scaled = 8.991E-01
    1: error= 8.99099E-01
  HC error: ||F||_2 = 1.853E-12, scaled = 2.319E-03
    2: error= 2.31867E-03
  NLK BCE solve succeeded:   2 iterations, error= 2.31867E-03
HEAT TRANSFER FUNCTION NORMS
  HC error: ||F||_2 = 8.291E-04 (initial)
  HC error: ||F||_2 = 7.816E-10, scaled = 9.427E-01
    1: error= 9.42737E-01
  HC error: ||F||_2 = 1.996E-12, scaled = 2.408E-03
    2: error= 2.40776E-03
  NLK BCE solve succeeded:   2 iterations, error= 2.40776E-03
HEAT TRANSFER FUNCTION NORMS
  HC error: ||F||_2 = 8.583E-04 (initial)
  HC error: ||F||_2 = 8.491E-10, scaled = 9.894E-01
    1: error= 9.89364E-01
  HC error: ||F||_2 = 2.160E-12, scaled = 2.517E-03
    2: error= 2.51699E-03
  NLK BCE solve succeeded:   2 iterations, error= 2.51699E-03
HEAT TRANSFER FUNCTION NORMS
  HC error: ||F||_2 = 8.891E-04 (initial)
  HC error: ||F||_2 = 9.235E-10, scaled = 1.039E+00
    1: error= 1.03868E+00
  HC error: ||F||_2 = 2.347E-12, scaled = 2.640E-03
    2: error= 2.64026E-03
  NLK BCE solve succeeded:   2 iterations, error= 2.64026E-03
HEAT TRANSFER FUNCTION NORMS
  HC error: ||F||_2 = 9.208E-04 (initial)
  HC error: ||F||_2 = 1.004E-09, scaled = 1.091E+00
    1: error= 1.09086E+00
  HC error: ||F||_2 = 2.554E-12, scaled = 2.774E-03
    2: error= 2.77388E-03
  NLK BCE solve succeeded:   2 iterations, error= 2.77388E-03
HEAT TRANSFER FUNCTION NORMS
  HC error: ||F||_2 = 9.535E-04 (initial)
  HC error: ||F||_2 = 1.093E-09, scaled = 1.146E+00
    1: error= 1.14609E+00
  HC error: ||F||_2 = 2.777E-12, scaled = 2.912E-03
    2: error= 2.91225E-03
  NLK BCE solve succeeded:   2 iterations, error= 2.91225E-03
HEAT TRANSFER FUNCTION NORMS
  HC error: ||F||_2 = 9.874E-04 (initial)
  HC error: ||F||_2 = 1.190E-09, scaled = 1.205E+00
    1: error= 1.20547E+00
  HC error: ||F||_2 = 3.004E-12, scaled = 3.042E-03
    2: error= 3.04236E-03
  NLK BCE solve succeeded:   2 iterations, error= 3.04236E-03
HEAT TRANSFER FUNCTION NORMS
  HC error: ||F||_2 = 1.023E-03 (initial)
  HC error: ||F||_2 = 1.300E-09, scaled = 1.271E+00
    1: error= 1.27061E+00
  HC error: ||F||_2 = 3.227E-12, scaled = 3.155E-03
    2: error= 3.15468E-03
  NLK BCE solve succeeded:   2 iterations, error= 3.15468E-03
HEAT TRANSFER FUNCTION NORMS
  HC error: ||F||_2 = 1.198E-03 (initial)
  HC error: ||F||_2 = 2.170E-09, scaled = 1.811E+00
    1: error= 1.81132E+00
  HC error: ||F||_2 = 8.213E-12, scaled = 6.856E-03
    2: error= 6.85643E-03
  NLK BCE solve succeeded:   2 iterations, error= 6.85643E-03
HEAT TRANSFER FUNCTION NORMS
  HC error: ||F||_2 = 2.037E-03 (initial)
  HC error: ||F||_2 = 5.333E-09, scaled = 2.618E+00
    1: error= 2.61774E+00
  HC error: ||F||_2 = 1.842E-11, scaled = 9.044E-03
    2: error= 9.04413E-03
  NLK BCE solve succeeded:   2 iterations, error= 9.04413E-03
HEAT TRANSFER FUNCTION NORMS
  HC error: ||F||_2 = 1.411E-03 (initial)
  HC error: ||F||_2 = 7.694E-09, scaled = 5.451E+00
    1: error= 5.45127E+00
  HC error: ||F||_2 = 2.471E-11, scaled = 1.750E-02
    2: error= 1.75044E-02
  NLK BCE solve succeeded:   2 iterations, error= 1.75044E-02
HEAT TRANSFER FUNCTION NORMS
  HC error: ||F||_2 = 1.471E-03 (initial)
  HC error: ||F||_2 = 2.498E-09, scaled = 1.698E+00
    1: error= 1.69836E+00
  HC error: ||F||_2 = 6.451E-12, scaled = 4.386E-03
    2: error= 4.38585E-03
  NLK BCE solve succeeded:   2 iterations, error= 4.38585E-03
HEAT TRANSFER FUNCTION NORMS
  HC error: ||F||_2 = 1.534E-03 (initial)
  HC error: ||F||_2 = 2.581E-09, scaled = 1.682E+00
    1: error= 1.68232E+00
  HC error: ||F||_2 = 6.577E-12, scaled = 4.287E-03
    2: error= 4.28692E-03
  NLK BCE solve succeeded:   2 iterations, error= 4.28692E-03
HEAT TRANSFER FUNCTION NORMS
  HC error: ||F||_2 = 1.827E-03 (initial)
  HC error: ||F||_2 = 4.007E-09, scaled = 2.193E+00
    1: error= 2.19316E+00
  HC error: ||F||_2 = 1.788E-11, scaled = 9.785E-03
    2: error= 9.78469E-03
  NLK BCE solve succeeded:   2 iterations, error= 9.78469E-03
HEAT TRANSFER FUNCTION NORMS
  HC error: ||F||_2 = 2.529E-03 (initial)
  HC error: ||F||_2 = 6.716E-09, scaled = 2.656E+00
    1: error= 2.65595E+00
  HC error: ||F||_2 = 2.917E-11, scaled = 1.154E-02
    2: error= 1.15360E-02
  NLK BCE solve succeeded:   2 iterations, error= 1.15360E-02
HEAT TRANSFER FUNCTION NORMS
  HC error: ||F||_2 = 2.331E-03 (initial)
  HC error: ||F||_2 = 7.850E-09, scaled = 3.367E+00
    1: error= 3.36703E+00
  HC error: ||F||_2 = 2.522E-11, scaled = 1.082E-02
    2: error= 1.08186E-02
  NLK BCE solve succeeded:   2 iterations, error= 1.08186E-02
HEAT TRANSFER FUNCTION NORMS
  HC error: ||F||_2 = 2.451E-03 (initial)
  HC error: ||F||_2 = 5.999E-09, scaled = 2.448E+00
    1: error= 2.44794E+00
  HC error: ||F||_2 = 2.474E-11, scaled = 1.009E-02
    2: error= 1.00942E-02
  NLK BCE solve succeeded:   2 iterations, error= 1.00942E-02
HEAT TRANSFER FUNCTION NORMS
  HC error: ||F||_2 = 2.985E-03 (initial)
  HC error: ||F||_2 = 7.994E-09, scaled = 2.678E+00
    1: error= 2.67817E+00
  HC error: ||F||_2 = 2.718E-11, scaled = 9.105E-03
    2: error= 9.10516E-03
  NLK BCE solve succeeded:   2 iterations, error= 9.10516E-03
HEAT TRANSFER FUNCTION NORMS
  HC error: ||F||_2 = 2.618E-03 (initial)
  HC error: ||F||_2 = 7.149E-09, scaled = 2.730E+00
    1: error= 2.73037E+00
  HC error: ||F||_2 = 2.298E-11, scaled = 8.775E-03
    2: error= 8.77513E-03
  NLK BCE solve succeeded:   2 iterations, error= 8.77513E-03
HEAT TRANSFER FUNCTION NORMS
  HC error: ||F||_2 = 2.568E-03 (initial)
  HC error: ||F||_2 = 4.749E-09, scaled = 1.850E+00
    1: error= 1.84960E+00
  HC error: ||F||_2 = 1.900E-11, scaled = 7.399E-03
    2: error= 7.39945E-03
  NLK BCE solve succeeded:   2 iterations, error= 7.39945E-03
HEAT TRANSFER FUNCTION NORMS
  HC error: ||F||_2 = 3.529E-03 (initial)
  HC error: ||F||_2 = 9.210E-09, scaled = 2.610E+00
    1: error= 2.60988E+00
  HC error: ||F||_2 = 2.675E-11, scaled = 7.580E-03
    2: error= 7.57983E-03
  NLK BCE solve succeeded:   2 iterations, error= 7.57983E-03
HEAT TRANSFER FUNCTION NORMS
  HC error: ||F||_2 = 2.957E-03 (initial)
  HC error: ||F||_2 = 1.298E-08, scaled = 4.390E+00
    1: error= 4.38965E+00
  HC error: ||F||_2 = 2.962E-11, scaled = 1.002E-02
    2: error= 1.00165E-02
  NLK BCE solve succeeded:   2 iterations, error= 1.00165E-02
HEAT TRANSFER FUNCTION NORMS
  HC error: ||F||_2 = 2.966E-03 (initial)
  HC error: ||F||_2 = 4.694E-09, scaled = 1.583E+00
    1: error= 1.58259E+00
  HC error: ||F||_2 = 1.732E-11, scaled = 5.840E-03
    2: error= 5.83978E-03
  NLK BCE solve succeeded:   2 iterations, error= 5.83978E-03
HEAT TRANSFER FUNCTION NORMS
  HC error: ||F||_2 = 3.295E-03 (initial)
  HC error: ||F||_2 = 7.565E-09, scaled = 2.296E+00
    1: error= 2.29636E+00
  HC error: ||F||_2 = 2.656E-11, scaled = 8.063E-03
    2: error= 8.06298E-03
  NLK BCE solve succeeded:   2 iterations, error= 8.06298E-03
HEAT TRANSFER FUNCTION NORMS
  HC error: ||F||_2 = 2.711E-03 (initial)
  HC error: ||F||_2 = 9.726E-09, scaled = 3.588E+00
    1: error= 3.58765E+00
  HC error: ||F||_2 = 2.692E-11, scaled = 9.928E-03
    2: error= 9.92847E-03
  NLK BCE solve succeeded:   2 iterations, error= 9.92847E-03
HEAT TRANSFER FUNCTION NORMS
  HC error: ||F||_2 = 2.481E-03 (initial)
  HC error: ||F||_2 = 3.537E-09, scaled = 1.425E+00
    1: error= 1.42532E+00
  HC error: ||F||_2 = 1.580E-11, scaled = 6.367E-03
    2: error= 6.36692E-03
  NLK BCE solve succeeded:   2 iterations, error= 6.36692E-03
HEAT TRANSFER FUNCTION NORMS
  HC error: ||F||_2 = 3.087E-03 (initial)
  HC error: ||F||_2 = 4.249E-09, scaled = 1.376E+00
    1: error= 1.37632E+00
  HC error: ||F||_2 = 2.036E-11, scaled = 6.593E-03
    2: error= 6.59340E-03
  NLK BCE solve succeeded:   2 iterations, error= 6.59340E-03
HEAT TRANSFER FUNCTION NORMS
  HC error: ||F||_2 = 3.095E-03 (initial)
  HC error: ||F||_2 = 8.880E-09, scaled = 2.869E+00
    1: error= 2.86876E+00
  HC error: ||F||_2 = 2.429E-11, scaled = 7.847E-03
    2: error= 7.84671E-03
  NLK BCE solve succeeded:   2 iterations, error= 7.84671E-03
HEAT TRANSFER FUNCTION NORMS
  HC error: ||F||_2 = 2.726E-03 (initial)
  HC error: ||F||_2 = 4.164E-09, scaled = 1.528E+00
    1: error= 1.52759E+00
  HC error: ||F||_2 = 1.843E-11, scaled = 6.761E-03
    2: error= 6.76064E-03
  NLK BCE solve succeeded:   2 iterations, error= 6.76064E-03
HEAT TRANSFER FUNCTION NORMS
  HC error: ||F||_2 = 3.214E-03 (initial)
  HC error: ||F||_2 = 3.600E-09, scaled = 1.120E+00
    1: error= 1.12031E+00
  HC error: ||F||_2 = 1.239E-11, scaled = 3.854E-03
    2: error= 3.85415E-03
  NLK BCE solve succeeded:   2 iterations, error= 3.85415E-03
HEAT TRANSFER FUNCTION NORMS
  HC error: ||F||_2 = 2.972E-03 (initial)
  HC error: ||F||_2 = 5.767E-09, scaled = 1.940E+00
    1: error= 1.94026E+00
  HC error: ||F||_2 = 2.090E-11, scaled = 7.032E-03
    2: error= 7.03183E-03
  NLK BCE solve succeeded:   2 iterations, error= 7.03183E-03
HEAT TRANSFER FUNCTION NORMS
  HC error: ||F||_2 = 2.528E-03 (initial)
  HC error: ||F||_2 = 3.774E-09, scaled = 1.493E+00
    1: error= 1.49282E+00
  HC error: ||F||_2 = 1.317E-11, scaled = 5.209E-03
    2: error= 5.20947E-03
  NLK BCE solve succeeded:   2 iterations, error= 5.20947E-03
HEAT TRANSFER FUNCTION NORMS
  HC error: ||F||_2 = 2.257E-03 (initial)
  HC error: ||F||_2 = 2.745E-09, scaled = 1.216E+00
    1: error= 1.21610E+00
  HC error: ||F||_2 = 1.496E-11, scaled = 6.631E-03
    2: error= 6.63088E-03
  NLK BCE solve succeeded:   2 iterations, error= 6.63088E-03
HEAT TRANSFER FUNCTION NORMS
  HC error: ||F||_2 = 2.628E-03 (initial)
  HC error: ||F||_2 = 3.227E-09, scaled = 1.228E+00
    1: error= 1.22795E+00
  HC error: ||F||_2 = 1.710E-11, scaled = 6.509E-03
    2: error= 6.50871E-03
  NLK BCE solve succeeded:   2 iterations, error= 6.50871E-03
