
TRAP step      1: T= 0.000000000000000E+00, H= 1.000000000000000E+00
  Preconditioner updated at T= 1.000000000000000E+00
    1: error= 6.559624132595798E-01
    2: error= 1.443303242336543E-02
    3: error= 3.851995679866967E-04
  NLK BCE solve succeeded:   3 iterations, error= 3.851995679866967E-04
  Step accepted: no local error control

BDF2 step      2: T= 1.000000000000000E+00, H= 1.000000000000000E+00
    1: error= 3.818475394465756E+00
    2: error= 1.683586398014837E-01
    3: error= 8.629424945470093E-03
  NLK BCE solve succeeded:   3 iterations, error= 8.629424945470093E-03
  Step accepted: no local error control

BDF2 step      3: T= 2.000000000000000E+00, H= 1.000000000000000E+00
    1: error= 6.084130704062782E-01
    2: error= 1.754431691871318E-01
    3: error= 4.922435379424658E-03
  NLK BCE solve succeeded:   3 iterations, error= 4.922435379424658E-03
  Step accepted: no local error control

BDF2 step      4: T= 3.000000000000000E+00, H= 1.000000000000000E+00
    1: error= 4.841391485605595E-01
    2: error= 1.345214529150419E-01
    3: error= 1.594237888400130E-03
  NLK BCE solve succeeded:   3 iterations, error= 1.594237888400130E-03
  Step accepted: perr= 6.080649460900641E-01

BDF2 step      5: T= 4.000000000000000E+00, H= 8.974207133918668E-01
    1: error= 2.790692316688508E-01
    2: error= 5.248155387557365E-02
    3: error= 4.182115109999776E-04
  NLK BCE solve succeeded:   3 iterations, error= 4.182115109999776E-04
  Step accepted: perr= 3.255330493378987E-01

BDF2 step      6: T= 4.897420713391867E+00, H= 1.182721384466738E+00
    1: error= 2.316692584560096E-01
    2: error= 8.642863975832367E-02
    3: error= 2.021628546014982E-03
  NLK BCE solve succeeded:   3 iterations, error= 2.021628546014982E-03
  Step accepted: perr= 3.139572919087434E-01

BDF2 step      7: T= 6.080142097858605E+00, H= 1.370138132055110E+00
    1: error= 1.568922246508586E-01
    2: error= 5.482396696972466E-02
    3: error= 3.911923663337435E-03
  NLK BCE solve succeeded:   3 iterations, error= 3.911923663337435E-03
  Step accepted: perr= 1.728138881615628E-01

BDF2 step      8: T= 7.450280229913715E+00, H= 2.130145200624811E+00
    1: error= 4.542279082385068E-01
    2: error= 1.006035765775689E-01
    3: error= 1.511749190970194E-02
    4: error= 1.703029615034164E-04
  NLK BCE solve succeeded:   4 iterations, error= 1.703029615034164E-04
  Step accepted: perr= 4.542279082385068E-01

BDF2 step      9: T= 9.580425430538526E+00, H= 1.824918890541070E+00
    1: error= 5.003345735308476E-01
    2: error= 1.517641744046649E-01
    3: error= 2.999024938670279E-02
    4: error= 2.479844308415198E-04
  NLK BCE solve succeeded:   4 iterations, error= 2.479844308415198E-04
  Step accepted: perr= 5.003345735308476E-01

BDF2 step     10: T= 1.140534432107960E+01, H= 1.822603428475613E+00
    1: error= 5.003845412540581E-01
    2: error= 1.846958641659787E-01
    3: error= 3.152801494705494E-02
    4: error= 2.690396587958644E-04
  NLK BCE solve succeeded:   4 iterations, error= 2.690396587958644E-04
  Step accepted: perr= 5.003845412540581E-01

BDF2 step     11: T= 1.322794774955521E+01, H= 1.877455683747192E+00
    1: error= 5.004465231126142E-01
    2: error= 2.202361236921117E-01
    3: error= 3.376481147361524E-02
    4: error= 3.056618576991007E-04
  NLK BCE solve succeeded:   4 iterations, error= 3.056618576991007E-04
  Step accepted: perr= 5.004465231126142E-01

BDF2 step     12: T= 1.510540343330240E+01, H= 1.851955095678198E+00
    1: error= 5.004879715011750E-01
    2: error= 2.269985222105442E-01
    3: error= 3.240702765533082E-02
    4: error= 3.042536389210348E-04
  NLK BCE solve succeeded:   4 iterations, error= 3.042536389210348E-04
  Step accepted: perr= 5.004879715011750E-01

BDF2 step     13: T= 1.695735852898060E+01, H= 1.852574997954331E+00
    1: error= 5.005331493982881E-01
    2: error= 2.310555053903736E-01
    3: error= 3.236707986228397E-02
    4: error= 3.046332149651108E-04
  NLK BCE solve succeeded:   4 iterations, error= 3.046332149651108E-04
  Step accepted: perr= 5.012725132697358E-01

BDF2 step     14: T= 1.880993352693493E+01, H= 1.854353143104934E+00
    1: error= 4.998384100300434E-01
    2: error= 2.317418282560628E-01
    3: error= 3.241868148144032E-02
    4: error= 3.052183174846266E-04
  NLK BCE solve succeeded:   4 iterations, error= 3.052183174846266E-04
  Step accepted: perr= 5.024904296153129E-01

BDF2 step     15: T= 2.066428667003986E+01, H= 1.848413794956148E+00
    1: error= 4.979724748651473E-01
    2: error= 2.297034807567724E-01
    3: error= 3.208079312137500E-02
    4: error= 3.017969225206685E-04
  NLK BCE solve succeeded:   4 iterations, error= 3.017969225206685E-04
  Step accepted: perr= 4.986828852876662E-01

BDF2 step     16: T= 2.251270046499601E+01, H= 1.853453281078586E+00
    1: error= 4.999409543150338E-01
    2: error= 2.307396348408330E-01
    3: error= 3.236328047263498E-02
    4: error= 3.042268468164556E-04
  NLK BCE solve succeeded:   4 iterations, error= 3.042268468164556E-04
  Step accepted: perr= 5.005994993531409E-01

BDF2 step     17: T= 2.436615374607460E+01, H= 1.851031830853373E+00
    1: error= 5.000301811965215E-01
    2: error= 2.300882827855368E-01
    3: error= 3.229381756823074E-02
    4: error= 3.035165037459759E-04
  NLK BCE solve succeeded:   4 iterations, error= 3.035165037459759E-04
  Step accepted: perr= 5.000301811965215E-01

BDF2 step     18: T= 2.621718557692797E+01, H= 1.851155173320450E+00
    1: error= 5.007220394162516E-01
    2: error= 2.303111697070699E-01
    3: error= 3.233802609815375E-02
    4: error= 3.037654858073097E-04
  NLK BCE solve succeeded:   4 iterations, error= 3.037654858073097E-04
  Step accepted: perr= 5.007220394162516E-01

BDF2 step     19: T= 2.806834075024842E+01, H= 1.850082803794638E+00
    1: error= 5.007525431936924E-01
    2: error= 2.302288022070279E-01
    3: error= 3.230555458632232E-02
    4: error= 3.033978866077338E-04
  NLK BCE solve succeeded:   4 iterations, error= 3.033978866077338E-04
  Step accepted: perr= 5.007525431936924E-01

BDF2 step     20: T= 2.991842355404306E+01, H= 1.849030545008780E+00
    1: error= 5.007804615265754E-01
    2: error= 2.301635144021850E-01
    3: error= 3.226504905136926E-02
    4: error= 3.029707703788731E-04
  NLK BCE solve succeeded:   4 iterations, error= 3.029707703788731E-04
  Step accepted: perr= 5.007804615265754E-01

BDF2 step     21: T= 3.176745409905184E+01, H= 1.848130942650286E+00
    1: error= 5.008059864378201E-01
    2: error= 2.301288948678125E-01
    3: error= 3.223054042486029E-02
    4: error= 3.026059134050449E-04
  NLK BCE solve succeeded:   4 iterations, error= 3.026059134050449E-04
  Step accepted: perr= 5.008059864378201E-01

BDF2 step     22: T= 3.361558504170213E+01, H= 1.847107836580577E+00
    1: error= 5.008291116659803E-01
    2: error= 2.300662268312056E-01
    3: error= 3.219140667564496E-02
    4: error= 3.022002742539049E-04
  NLK BCE solve succeeded:   4 iterations, error= 3.022002742539049E-04
  Step accepted: perr= 5.008291116659803E-01

BDF2 step     23: T= 3.546269287828270E+01, H= 1.846067489108755E+00
    1: error= 5.008497679028838E-01
    2: error= 2.300050841004143E-01
    3: error= 3.215197738914630E-02
    4: error= 3.017823524025057E-04
  NLK BCE solve succeeded:   4 iterations, error= 3.017823524025057E-04
  Step accepted: perr= 5.008497679028838E-01

BDF2 step     24: T= 3.730876036739146E+01, H= 1.845016837903884E+00
    1: error= 5.008679784662560E-01
    2: error= 2.299459267026673E-01
    3: error= 3.211233541491344E-02
    4: error= 3.013614039810953E-04
  NLK BCE solve succeeded:   4 iterations, error= 3.013614039810953E-04
  Step accepted: perr= 5.008679784662560E-01

BDF2 step     25: T= 3.915377720529534E+01, H= 1.843938411745015E+00
    1: error= 5.008837361637689E-01
    2: error= 2.298843682606968E-01
    3: error= 3.207162173401768E-02
    4: error= 3.009304225210836E-04
  NLK BCE solve succeeded:   4 iterations, error= 3.009304225210836E-04
  Step accepted: perr= 5.008837361637689E-01

BDF2 step     26: T= 4.099771561704036E+01, H= 1.829290337562846E+00
    1: error= 4.941649032952098E-01
    2: error= 2.257312433332052E-01
    3: error= 3.115925280427184E-02
    4: error= 2.918550326100038E-04
  NLK BCE solve succeeded:   4 iterations, error= 2.918550326100038E-04
  Step accepted: perr= 4.941649032952098E-01

BDF2 step     27: T= 4.282700595460320E+01, H= 1.814758626311175E+00
    1: error= 4.845431407157399E-01
    2: error= 2.208474007681495E-01
    3: error= 3.005275531606806E-02
    4: error= 2.807176686535416E-04
  NLK BCE solve succeeded:   4 iterations, error= 2.807176686535416E-04
  Step accepted: perr= 4.845431407157399E-01

BDF2 step     28: T= 4.464176458091438E+01, H= 1.800342353613772E+00
    1: error= 4.739346296253035E-01
    2: error= 2.154502759974951E-01
    3: error= 2.888747441154281E-02
    4: error= 2.692586219229971E-04
  NLK BCE solve succeeded:   4 iterations, error= 2.692586219229971E-04
  Step accepted: perr= 4.739346296253035E-01

BDF2 step     29: T= 4.644210693452815E+01, H= 1.786040602437559E+00
    1: error= 4.635575107577573E-01
    2: error= 2.099460008212756E-01
    3: error= 2.775000725328062E-02
    4: error= 2.581277793675615E-04
  NLK BCE solve succeeded:   4 iterations, error= 2.581277793675615E-04
  Step accepted: perr= 4.635575107577573E-01

BDF2 step     30: T= 4.822814753696571E+01, H= 1.771852463034293E+00
    1: error= 4.534046456416377E-01
    2: error= 2.045117774446348E-01
    3: error= 2.665704992535503E-02
    4: error= 2.473871654881398E-04
  NLK BCE solve succeeded:   4 iterations, error= 2.473871654881398E-04
  Step accepted: perr= 4.534046456416377E-01

BDF2 step     31: T= 5.000000000000000E+01, H= 1.583977142461897E+00
    1: error= 3.674569776273571E-01
    2: error= 1.532607844773707E-01
    3: error= 1.705425857729235E-02
    4: error= 1.557224981459321E-04
  NLK BCE solve succeeded:   4 iterations, error= 1.557224981459321E-04
  Step accepted: perr= 3.674569776273571E-01

BDF2 step     32: T= 5.158397714246190E+01, H= 1.416022857538103E+00
    1: error= 2.729193240749773E-01
    2: error= 1.071166692980269E-01
    3: error= 9.493663596409914E-03
  NLK BCE solve succeeded:   3 iterations, error= 9.493663596409914E-03
  Step accepted: perr= 2.729193240749773E-01

BDF2 step     33: T= 5.300000000000000E+01, H= 2.085532142550107E+00
    1: error= 5.010480967471339E-01
    2: error= 2.648378265468887E-01
    3: error= 3.834237756870319E-02
    4: error= 3.582565382580770E-04
  NLK BCE solve succeeded:   4 iterations, error= 3.582565382580770E-04
  Step accepted: perr= 5.596288785293330E-01

BDF2 step     34: T= 5.508553214255011E+01, H= 1.691584681683445E+00
    1: error= 4.484177497572748E-01
    2: error= 1.813514838193032E-01
    3: error= 2.400427914787659E-02
    4: error= 2.299263273836993E-04
  NLK BCE solve succeeded:   4 iterations, error= 2.299263273836993E-04
  Step accepted: perr= 4.484177497572748E-01

BDF2 step     35: T= 5.677711682423355E+01, H= 1.853491236474397E+00
    1: error= 5.009186122974502E-01
    2: error= 2.295270602083222E-01
    3: error= 3.193814944412937E-02
    4: error= 2.939852662814974E-04
  NLK BCE solve succeeded:   4 iterations, error= 2.939852662814974E-04
  Step accepted: perr= 5.061357423219011E-01

BDF2 step     36: T= 5.863060806070795E+01, H= 1.838682355166426E+00
    1: error= 4.957378301776700E-01
    2: error= 2.282034071185110E-01
    3: error= 3.173037309167154E-02
    4: error= 2.969637548572022E-04
  NLK BCE solve succeeded:   4 iterations, error= 2.969637548572022E-04
  Step accepted: perr= 4.968676390620936E-01

BDF2 step     37: T= 6.046929041587438E+01, H= 1.822029403582178E+00
    1: error= 4.997412560401260E-01
    2: error= 2.268465217799127E-01
    3: error= 3.114644442003860E-02
    4: error= 2.919151627701101E-04
  NLK BCE solve succeeded:   4 iterations, error= 2.919151627701101E-04
  Step accepted: perr= 4.997412560401260E-01

BDF2 step     38: T= 6.229131981945655E+01, H= 1.832791309389897E+00
    1: error= 5.008701128416823E-01
    2: error= 2.302368642437961E-01
    3: error= 3.166750599564570E-02
    4: error= 2.961357574799076E-04
  NLK BCE solve succeeded:   4 iterations, error= 2.961357574799076E-04
  Step accepted: perr= 5.020897352231256E-01

BDF2 step     39: T= 6.412411112884645E+01, H= 1.826764545416722E+00
    1: error= 4.996328073480068E-01
    2: error= 2.287007051427233E-01
    3: error= 3.136790476252495E-02
    4: error= 2.938225265814186E-04
  NLK BCE solve succeeded:   4 iterations, error= 2.938225265814186E-04
  Step accepted: perr= 4.996328073480068E-01

BDF2 step     40: T= 6.595087567426317E+01, H= 1.828279969944319E+00
    1: error= 5.008300399838099E-01
    2: error= 2.292566946919243E-01
    3: error= 3.146853359622190E-02
    4: error= 2.946388145486713E-04
  NLK BCE solve succeeded:   4 iterations, error= 2.946388145486713E-04
  Step accepted: perr= 5.008300399838099E-01

BDF2 step     41: T= 6.777915564420749E+01, H= 1.827033430476462E+00
    1: error= 5.008063378158609E-01
    2: error= 2.290500281168487E-01
    3: error= 3.143515801359277E-02
    4: error= 2.942606844900578E-04
  NLK BCE solve succeeded:   4 iterations, error= 2.942606844900578E-04
  Step accepted: perr= 5.008063378158609E-01

BDF2 step     42: T= 6.960618907468395E+01, H= 1.825719432701106E+00
    1: error= 5.007801713563308E-01
    2: error= 2.288829469122976E-01
    3: error= 3.138634160398770E-02
    4: error= 2.937050542648563E-04
  NLK BCE solve succeeded:   4 iterations, error= 2.937050542648563E-04
  Step accepted: perr= 5.007801713563308E-01

BDF2 step     43: T= 7.143190850738506E+01, H= 1.824990646560636E+00
    1: error= 5.007514641424661E-01
    2: error= 2.288612459074315E-01
    3: error= 3.135996984721103E-02
    4: error= 2.933887980808939E-04
  NLK BCE solve succeeded:   4 iterations, error= 2.933887980808939E-04
  Step accepted: perr= 5.007514641424661E-01

BDF2 step     44: T= 7.325689915394570E+01, H= 1.824066124350679E+00
    1: error= 5.007203085786054E-01
    2: error= 2.287935615309168E-01
    3: error= 3.132497867883620E-02
    4: error= 2.930295823309818E-04
  NLK BCE solve succeeded:   4 iterations, error= 2.930295823309818E-04
  Step accepted: perr= 5.007203085786054E-01

BDF2 step     45: T= 7.508096527829638E+01, H= 1.823186798339208E+00
    1: error= 5.006865157175378E-01
    2: error= 2.287387522896976E-01
    3: error= 3.129187627699298E-02
    4: error= 2.926780086037826E-04
  NLK BCE solve succeeded:   4 iterations, error= 2.926780086037826E-04
  Step accepted: perr= 5.006865157175378E-01

BDF2 step     46: T= 7.690415207663558E+01, H= 1.822390251231226E+00
    1: error= 5.006501484255155E-01
    2: error= 2.286982585614456E-01
    3: error= 3.126225113919896E-02
    4: error= 2.923615672763634E-04
  NLK BCE solve succeeded:   4 iterations, error= 2.923615672763634E-04
  Step accepted: perr= 5.006501484255155E-01

BDF2 step     47: T= 7.872654232786681E+01, H= 1.821620662593489E+00
    1: error= 5.006112062853288E-01
    2: error= 2.286569202341223E-01
    3: error= 3.123357221570658E-02
    4: error= 2.920585438386435E-04
  NLK BCE solve succeeded:   4 iterations, error= 2.920585438386435E-04
  Step accepted: perr= 5.006112062853288E-01

BDF2 step     48: T= 8.054816299046030E+01, H= 1.820901580081213E+00
    1: error= 5.005696782642099E-01
    2: error= 2.286195165938110E-01
    3: error= 3.120680499118678E-02
    4: error= 2.917748746042913E-04
  NLK BCE solve succeeded:   4 iterations, error= 2.917748746042913E-04
  Step accepted: perr= 5.005696782642099E-01

BDF2 step     49: T= 8.236906457054151E+01, H= 1.820237488912696E+00
    1: error= 5.005255705993845E-01
    2: error= 2.285859561331988E-01
    3: error= 3.118213809933097E-02
    4: error= 2.915134007842427E-04
  NLK BCE solve succeeded:   4 iterations, error= 2.915134007842427E-04
  Step accepted: perr= 5.005255705993845E-01

BDF2 step     50: T= 8.418930205945421E+01, H= 1.819627101494390E+00
    1: error= 5.004788855992193E-01
    2: error= 2.285553426826223E-01
    3: error= 3.115949989148970E-02
    4: error= 2.912735182721070E-04
  NLK BCE solve succeeded:   4 iterations, error= 2.912735182721070E-04
  Step accepted: perr= 5.004788855992193E-01

BDF2 step     51: T= 8.600892916094860E+01, H= 1.819075213696379E+00
    1: error= 5.004296268903998E-01
    2: error= 2.285283024656872E-01
    3: error= 3.113907991289591E-02
    4: error= 2.910569841925126E-04
  NLK BCE solve succeeded:   4 iterations, error= 2.910569841925126E-04
  Step accepted: perr= 5.004296268903998E-01

BDF2 step     52: T= 8.782800437464498E+01, H= 1.818584903050436E+00
    1: error= 5.003777993086398E-01
    2: error= 2.285050109569204E-01
    3: error= 3.112099423201270E-02
    4: error= 2.908650069005131E-04
  NLK BCE solve succeeded:   4 iterations, error= 2.908650069005131E-04
  Step accepted: perr= 5.003777993086398E-01

BDF2 step     53: T= 8.964658927769541E+01, H= 1.818158918054408E+00
    1: error= 5.003234098630938E-01
    2: error= 2.284855915363762E-01
    3: error= 3.110534356135878E-02
    4: error= 2.906987678992559E-04
  NLK BCE solve succeeded:   4 iterations, error= 2.906987678992559E-04
  Step accepted: perr= 5.003234098630938E-01

BDF2 step     54: T= 9.146474819574982E+01, H= 1.817800462227510E+00
    1: error= 5.002664661237429E-01
    2: error= 2.284702681431820E-01
    3: error= 3.109224848359068E-02
    4: error= 2.905594691557541E-04
  NLK BCE solve succeeded:   4 iterations, error= 2.905594691557541E-04
  Step accepted: perr= 5.002664661237429E-01

BDF2 step     55: T= 9.328254865797733E+01, H= 1.817512586183014E+00
    1: error= 5.002069775516024E-01
    2: error= 2.284592194876636E-01
    3: error= 3.108182295243326E-02
    4: error= 2.904483222962039E-04
  NLK BCE solve succeeded:   4 iterations, error= 2.904483222962039E-04
  Step accepted: perr= 5.002069775516024E-01

BDF2 step     56: T= 9.510006124416034E+01, H= 1.817298319580146E+00
    1: error= 5.001449551083748E-01
    2: error= 2.284526185334440E-01
    3: error= 3.107418002554209E-02
    4: error= 2.903665281487388E-04
  NLK BCE solve succeeded:   4 iterations, error= 2.903665281487388E-04
  Step accepted: perr= 5.001449551083748E-01

BDF2 step     57: T= 9.691735956374049E+01, H= 1.817160720736979E+00
    1: error= 5.000804111414479E-01
    2: error= 2.284506427118682E-01
    3: error= 3.106943404736586E-02
    4: error= 2.903152907678722E-04
  NLK BCE solve succeeded:   4 iterations, error= 2.903152907678722E-04
  Step accepted: perr= 5.000804111414479E-01

BDF2 step     58: T= 9.873452028447747E+01, H= 1.817102829480532E+00
    1: error= 1.567665258156058E-01
    2: error= 1.432120703437412E-01
    3: error= 3.125310390677725E-03
  NLK BCE solve succeeded:   3 iterations, error= 3.125310390677725E-03
  Step accepted: perr= 2.993636724268304E-01

BDF2 step     59: T= 1.005516231139580E+02, H= 2.381057666191126E+00
    1: error= 1.500003732609735E+01
    2: error= 3.660322945035167E+00
    3: error= 9.341643776053046E-01
    4: error= 8.501677781449161E-03
  NLK BCE solve succeeded:   4 iterations, error= 8.501677781449161E-03
  Step REJECTED: perr= 1.500003732609735E+01

BDF2 step     59: T= 1.005516231139580E+02, H= 1.190528833095570E+00
    1: error= 4.758483165150866E+00
    2: error= 5.770543473251137E-01
    3: error= 6.437501324124767E-02
    4: error= 5.613364810499662E-04
  NLK BCE solve succeeded:   4 iterations, error= 5.613364810499662E-04
  Step REJECTED: perr= 4.758483165150866E+00

BDF2 step     59: T= 1.005516231139580E+02, H= 5.952644165477778E-01
    1: error= 1.693857708100981E+00
    2: error= 1.586322669232611E-02
    3: error= 2.819028067928063E-04
  NLK BCE solve succeeded:   3 iterations, error= 2.819028067928063E-04
  Step accepted: perr= 1.693857708100981E+00

BDF2 step     60: T= 1.011468875305058E+02, H= 5.369158937622416E-01
    1: error= 4.946852423358258E-01
    2: error= 9.134892511734485E-02
    3: error= 4.274476504066165E-03
  NLK BCE solve succeeded:   3 iterations, error= 4.274476504066165E-03
  Step accepted: perr= 4.587632145182220E-01

BDF2 step     61: T= 1.016838034242680E+02, H= 7.779711502677173E-01
    1: error= 4.290544169889756E-01
    2: error= 7.751876279204004E-03
  NLK BCE solve succeeded:   2 iterations, error= 7.751876279204004E-03
  Step accepted: perr= 4.227259288309155E-01

BDF2 step     62: T= 1.024617745745357E+02, H= 7.405052020648242E-01
    1: error= 3.101867254272493E-01
    2: error= 7.618222572076816E-03
  NLK BCE solve succeeded:   2 iterations, error= 7.618222572076816E-03
  Step accepted: perr= 3.093864461409117E-01

BDF2 step     63: T= 1.032022797766006E+02, H= 9.212653764759438E-01
    1: error= 3.379988163478194E-01
    2: error= 5.620353016911955E-02
    3: error= 4.585397986662564E-04
  NLK BCE solve succeeded:   3 iterations, error= 4.585397986662564E-04
  Step accepted: perr= 3.866790701758739E-01

BDF2 step     64: T= 1.041235451530765E+02, H= 9.701742499241561E-01
    1: error= 2.616157970195137E-01
    2: error= 6.135906475035384E-02
    3: error= 4.572514174657372E-04
  NLK BCE solve succeeded:   3 iterations, error= 4.572514174657372E-04
  Step accepted: perr= 3.172947932093487E-01

BDF2 step     65: T= 1.050937194030007E+02, H= 1.165628045300863E+00
    1: error= 2.359436539092881E-01
    2: error= 9.147076729567354E-02
    3: error= 7.381405794258141E-04
  NLK BCE solve succeeded:   3 iterations, error= 7.381405794258141E-04
  Step accepted: perr= 3.225031152643467E-01

BDF2 step     66: T= 1.062593474483015E+02, H= 1.347705932353222E+00
    1: error= 1.853865079319424E-01
    2: error= 1.005619173820202E-01
    3: error= 7.492848897321357E-04
  NLK BCE solve succeeded:   3 iterations, error= 7.492848897321357E-04
  Step accepted: perr= 2.821631937551412E-01

BDF2 step     67: T= 1.076070533806547E+02, H= 1.662953063190955E+00
    1: error= 1.515947639282765E-01
    2: error= 1.153665063558785E-01
    3: error= 7.302683817887466E-04
  NLK BCE solve succeeded:   3 iterations, error= 7.302683817887466E-04
  Step accepted: perr= 2.640508289105270E-01

BDF2 step     68: T= 1.092700064438457E+02, H= 2.078934162724636E+00
    1: error= 1.140439537943039E-01
    2: error= 1.160839962357541E-01
    3: error= 8.233884581566045E-04
  NLK BCE solve succeeded:   3 iterations, error= 8.233884581566045E-04
  Step accepted: perr= 2.281192048861967E-01

BDF2 step     69: T= 1.113489406065703E+02, H= 2.759122195993328E+00
    1: error= 8.196891486463628E-02
    2: error= 1.105738374018387E-01
    3: error= 8.486491870481372E-04
  NLK BCE solve succeeded:   3 iterations, error= 8.486491870481372E-04
  Step accepted: perr= 1.913760576946713E-01

BDF2 step     70: T= 1.141080628025637E+02, H= 3.898270646247965E+00
  Preconditioner updated at T= 1.180063334488116E+02
    1: error= 1.401462582965538E-01
    2: error= 4.729704359694482E-03
  NLK BCE solve succeeded:   2 iterations, error= 4.729704359694482E-03
  Step accepted: perr= 1.405121948536915E-01

BDF2 step     71: T= 1.180063334488116E+02, H= 5.000000000000000E+00
    1: error= 4.922603416834288E-02
    2: error= 7.287830408243323E-03
  NLK BCE solve succeeded:   2 iterations, error= 7.287830408243323E-03
  Step accepted: perr= 5.589490188258271E-02

BDF2 step     72: T= 1.230063334488116E+02, H= 5.000000000000000E+00
    1: error= 2.852800088655168E-03
    2: error= 4.488960917629638E-04
  NLK BCE solve succeeded:   2 iterations, error= 4.488960917629638E-04
  Step accepted: perr= 3.289471605212439E-03

BDF2 step     73: T= 1.280063334488116E+02, H= 4.787963472556555E+00
    1: error= 3.688763621632720E-03
    2: error= 5.560118548654354E-04
  NLK BCE solve succeeded:   2 iterations, error= 5.560118548654354E-04
  Step accepted: perr= 4.229329465905767E-03

BDF2 step     74: T= 1.327942969213682E+02, H= 4.584918842907143E+00
    1: error= 2.033095531103959E-03
    2: error= 2.630895379408202E-04
  NLK BCE solve succeeded:   2 iterations, error= 2.630895379408202E-04
  Step accepted: perr= 2.249140162986544E-03

BDF2 step     75: T= 1.373792157642753E+02, H= 4.390484788895122E+00
    1: error= 5.888434633556614E-04
    2: error= 6.102363643208078E-05
  NLK BCE solve succeeded:   2 iterations, error= 6.102363643208078E-05
  Step accepted: perr= 6.377681983326127E-04

BDF2 step     76: T= 1.417697005531705E+02, H= 4.204296159209008E+00
    1: error= 5.241154432877664E-05
  NLK BCE solve succeeded:   1 iterations, error= 5.241154432877664E-05
  Step accepted: perr= 5.241154670703682E-05

BDF2 step     77: T= 1.459739967123795E+02, H= 4.026003287620540E+00
    1: error= 3.905198016758898E-05
  NLK BCE solve succeeded:   1 iterations, error= 3.905198016758898E-05
  Step accepted: perr= 3.905198140391299E-05
