HEAT TRANSFER FUNCTION NORMS
  HC error: ||F||_2 = 5.455E-04 (initial)
  HC error: ||F||_2 = 8.866E-09, scaled = 1.625E+01
    1: error= 1.62538E+01
  HC error: ||F||_2 = 2.180E-12, scaled = 3.997E-03
    2: error= 3.99705E-03
  NLK BCE solve succeeded:   2 iterations, error= 3.99705E-03
HEAT TRANSFER FUNCTION NORMS
  HC error: ||F||_2 = 2.860E-05 (initial)
  HC error: ||F||_2 = 9.293E-09, scaled = 3.249E+02
    1: error= 3.24934E+02
  HC error: ||F||_2 = 2.288E-12, scaled = 7.999E-02
    2: error= 7.99860E-02
  NLK BCE solve succeeded:   2 iterations, error= 7.99860E-02
HEAT TRANSFER FUNCTION NORMS
  HC error: ||F||_2 = 5.323E-04 (initial)
  HC error: ||F||_2 = 5.830E-11, scaled = 1.095E-01
    1: error= 1.09528E-01
  HC error: ||F||_2 = 1.638E-14, scaled = 3.076E-05
    2: error= 3.07626E-05
  NLK BCE solve succeeded:   2 iterations, error= 3.07626E-05
HEAT TRANSFER FUNCTION NORMS
  HC error: ||F||_2 = 5.502E-04 (initial)
  HC error: ||F||_2 = 6.383E-11, scaled = 1.160E-01
    1: error= 1.16019E-01
  HC error: ||F||_2 = 1.853E-14, scaled = 3.367E-05
    2: error= 3.36715E-05
  NLK BCE solve succeeded:   2 iterations, error= 3.36715E-05
HEAT TRANSFER FUNCTION NORMS
  HC error: ||F||_2 = 5.750E-04 (initial)
  HC error: ||F||_2 = 7.699E-11, scaled = 1.339E-01
    1: error= 1.33910E-01
  HC error: ||F||_2 = 2.092E-14, scaled = 3.638E-05
    2: error= 3.63806E-05
  NLK BCE solve succeeded:   2 iterations, error= 3.63806E-05
HEAT TRANSFER FUNCTION NORMS
  HC error: ||F||_2 = 6.057E-04 (initial)
  HC error: ||F||_2 = 8.327E-11, scaled = 1.375E-01
    1: error= 1.37473E-01
  HC error: ||F||_2 = 2.104E-14, scaled = 3.473E-05
    2: error= 3.47345E-05
  NLK BCE solve succeeded:   2 iterations, error= 3.47345E-05
HEAT TRANSFER FUNCTION NORMS
  HC error: ||F||_2 = 6.352E-04 (initial)
  HC error: ||F||_2 = 9.191E-11, scaled = 1.447E-01
    1: error= 1.44688E-01
  HC error: ||F||_2 = 2.499E-14, scaled = 3.934E-05
    2: error= 3.93375E-05
  NLK BCE solve succeeded:   2 iterations, error= 3.93375E-05
HEAT TRANSFER FUNCTION NORMS
  HC error: ||F||_2 = 7.316E-04 (initial)
  HC error: ||F||_2 = 9.884E-11, scaled = 1.351E-01
    1: error= 1.35101E-01
  HC error: ||F||_2 = 3.088E-14, scaled = 4.220E-05
    2: error= 4.22043E-05
  NLK BCE solve succeeded:   2 iterations, error= 4.22043E-05
HEAT TRANSFER FUNCTION NORMS
  HC error: ||F||_2 = 7.066E-04 (initial)
  HC error: ||F||_2 = 1.108E-10, scaled = 1.567E-01
    1: error= 1.56749E-01
  HC error: ||F||_2 = 4.249E-14, scaled = 6.012E-05
    2: error= 6.01241E-05
  NLK BCE solve succeeded:   2 iterations, error= 6.01241E-05
HEAT TRANSFER FUNCTION NORMS
  HC error: ||F||_2 = 7.456E-04 (initial)
  HC error: ||F||_2 = 1.288E-10, scaled = 1.728E-01
    1: error= 1.72782E-01
  HC error: ||F||_2 = 4.759E-14, scaled = 6.383E-05
    2: error= 6.38331E-05
  NLK BCE solve succeeded:   2 iterations, error= 6.38331E-05
HEAT TRANSFER FUNCTION NORMS
  HC error: ||F||_2 = 7.579E-04 (initial)
  HC error: ||F||_2 = 1.393E-10, scaled = 1.838E-01
    1: error= 1.83780E-01
  HC error: ||F||_2 = 4.847E-14, scaled = 6.395E-05
    2: error= 6.39518E-05
  NLK BCE solve succeeded:   2 iterations, error= 6.39518E-05
HEAT TRANSFER FUNCTION NORMS
  HC error: ||F||_2 = 7.727E-04 (initial)
  HC error: ||F||_2 = 1.511E-10, scaled = 1.956E-01
    1: error= 1.95570E-01
  HC error: ||F||_2 = 4.976E-14, scaled = 6.441E-05
    2: error= 6.44051E-05
  NLK BCE solve succeeded:   2 iterations, error= 6.44051E-05
HEAT TRANSFER FUNCTION NORMS
  HC error: ||F||_2 = 8.013E-04 (initial)
  HC error: ||F||_2 = 1.644E-10, scaled = 2.052E-01
    1: error= 2.05193E-01
  HC error: ||F||_2 = 5.180E-14, scaled = 6.464E-05
    2: error= 6.46423E-05
  NLK BCE solve succeeded:   2 iterations, error= 6.46423E-05
HEAT TRANSFER FUNCTION NORMS
  HC error: ||F||_2 = 8.290E-04 (initial)
  HC error: ||F||_2 = 1.787E-10, scaled = 2.155E-01
    1: error= 2.15546E-01
  HC error: ||F||_2 = 5.437E-14, scaled = 6.559E-05
    2: error= 6.55888E-05
  NLK BCE solve succeeded:   2 iterations, error= 6.55888E-05
HEAT TRANSFER FUNCTION NORMS
  HC error: ||F||_2 = 8.590E-04 (initial)
  HC error: ||F||_2 = 1.948E-10, scaled = 2.268E-01
    1: error= 2.26843E-01
  HC error: ||F||_2 = 5.768E-14, scaled = 6.715E-05
    2: error= 6.71528E-05
  NLK BCE solve succeeded:   2 iterations, error= 6.71528E-05
HEAT TRANSFER FUNCTION NORMS
  HC error: ||F||_2 = 8.897E-04 (initial)
  HC error: ||F||_2 = 2.127E-10, scaled = 2.390E-01
    1: error= 2.39027E-01
  HC error: ||F||_2 = 6.171E-14, scaled = 6.936E-05
    2: error= 6.93610E-05
  NLK BCE solve succeeded:   2 iterations, error= 6.93610E-05
HEAT TRANSFER FUNCTION NORMS
  HC error: ||F||_2 = 9.214E-04 (initial)
  HC error: ||F||_2 = 2.322E-10, scaled = 2.520E-01
    1: error= 2.52046E-01
  HC error: ||F||_2 = 6.655E-14, scaled = 7.222E-05
    2: error= 7.22206E-05
  NLK BCE solve succeeded:   2 iterations, error= 7.22206E-05
HEAT TRANSFER FUNCTION NORMS
  HC error: ||F||_2 = 9.541E-04 (initial)
  HC error: ||F||_2 = 2.535E-10, scaled = 2.657E-01
    1: error= 2.65742E-01
  HC error: ||F||_2 = 7.226E-14, scaled = 7.573E-05
    2: error= 7.57320E-05
  NLK BCE solve succeeded:   2 iterations, error= 7.57320E-05
HEAT TRANSFER FUNCTION NORMS
  HC error: ||F||_2 = 9.879E-04 (initial)
  HC error: ||F||_2 = 2.764E-10, scaled = 2.798E-01
    1: error= 2.79825E-01
  HC error: ||F||_2 = 7.902E-14, scaled = 7.999E-05
    2: error= 7.99862E-05
  NLK BCE solve succeeded:   2 iterations, error= 7.99862E-05
HEAT TRANSFER FUNCTION NORMS
  HC error: ||F||_2 = 1.023E-03 (initial)
  HC error: ||F||_2 = 3.005E-10, scaled = 2.937E-01
    1: error= 2.93730E-01
  HC error: ||F||_2 = 8.783E-14, scaled = 8.584E-05
    2: error= 8.58436E-05
  NLK BCE solve succeeded:   2 iterations, error= 8.58436E-05
HEAT TRANSFER FUNCTION NORMS
  HC error: ||F||_2 = 1.196E-03 (initial)
  HC error: ||F||_2 = 2.806E-10, scaled = 2.345E-01
    1: error= 2.34521E-01
  HC error: ||F||_2 = 7.945E-14, scaled = 6.641E-05
    2: error= 6.64081E-05
  NLK BCE solve succeeded:   2 iterations, error= 6.64081E-05
HEAT TRANSFER FUNCTION NORMS
  HC error: ||F||_2 = 2.041E-03 (initial)
  HC error: ||F||_2 = 5.614E-10, scaled = 2.751E-01
    1: error= 2.75066E-01
  HC error: ||F||_2 = 2.606E-13, scaled = 1.277E-04
    2: error= 1.27668E-04
  NLK BCE solve succeeded:   2 iterations, error= 1.27668E-04
HEAT TRANSFER FUNCTION NORMS
  HC error: ||F||_2 = 1.411E-03 (initial)
  HC error: ||F||_2 = 7.036E-10, scaled = 4.986E-01
    1: error= 4.98586E-01
  HC error: ||F||_2 = 3.821E-13, scaled = 2.708E-04
    2: error= 2.70767E-04
  NLK BCE solve succeeded:   2 iterations, error= 2.70767E-04
HEAT TRANSFER FUNCTION NORMS
  HC error: ||F||_2 = 1.470E-03 (initial)
  HC error: ||F||_2 = 5.505E-10, scaled = 3.745E-01
    1: error= 3.74461E-01
  HC error: ||F||_2 = 2.140E-13, scaled = 1.455E-04
    2: error= 1.45543E-04
  NLK BCE solve succeeded:   2 iterations, error= 1.45543E-04
HEAT TRANSFER FUNCTION NORMS
  HC error: ||F||_2 = 1.536E-03 (initial)
  HC error: ||F||_2 = 5.948E-10, scaled = 3.871E-01
    1: error= 3.87122E-01
  HC error: ||F||_2 = 2.397E-13, scaled = 1.560E-04
    2: error= 1.56027E-04
  NLK BCE solve succeeded:   2 iterations, error= 1.56027E-04
HEAT TRANSFER FUNCTION NORMS
  HC error: ||F||_2 = 1.838E-03 (initial)
  HC error: ||F||_2 = 5.670E-10, scaled = 3.084E-01
    1: error= 3.08444E-01
  HC error: ||F||_2 = 1.399E-13, scaled = 7.611E-05
    2: error= 7.61146E-05
  NLK BCE solve succeeded:   2 iterations, error= 7.61146E-05
HEAT TRANSFER FUNCTION NORMS
  HC error: ||F||_2 = 2.522E-03 (initial)
  HC error: ||F||_2 = 7.975E-10, scaled = 3.162E-01
    1: error= 3.16221E-01
  HC error: ||F||_2 = 3.304E-13, scaled = 1.310E-04
    2: error= 1.31015E-04
  NLK BCE solve succeeded:   2 iterations, error= 1.31015E-04
HEAT TRANSFER FUNCTION NORMS
  HC error: ||F||_2 = 2.332E-03 (initial)
  HC error: ||F||_2 = 7.782E-10, scaled = 3.337E-01
    1: error= 3.33702E-01
  HC error: ||F||_2 = 3.139E-13, scaled = 1.346E-04
    2: error= 1.34587E-04
  NLK BCE solve succeeded:   2 iterations, error= 1.34587E-04
HEAT TRANSFER FUNCTION NORMS
  HC error: ||F||_2 = 2.575E-03 (initial)
  HC error: ||F||_2 = 8.666E-10, scaled = 3.365E-01
    1: error= 3.36503E-01
  HC error: ||F||_2 = 2.493E-13, scaled = 9.681E-05
    2: error= 9.68053E-05
  NLK BCE solve succeeded:   2 iterations, error= 9.68053E-05
HEAT TRANSFER FUNCTION NORMS
  HC error: ||F||_2 = 3.250E-03 (initial)
  HC error: ||F||_2 = 1.049E-09, scaled = 3.227E-01
    1: error= 3.22705E-01
  HC error: ||F||_2 = 4.468E-13, scaled = 1.375E-04
    2: error= 1.37454E-04
  NLK BCE solve succeeded:   2 iterations, error= 1.37454E-04
HEAT TRANSFER FUNCTION NORMS
  HC error: ||F||_2 = 2.718E-03 (initial)
  HC error: ||F||_2 = 7.552E-10, scaled = 2.779E-01
    1: error= 2.77870E-01
  HC error: ||F||_2 = 3.390E-13, scaled = 1.247E-04
    2: error= 1.24717E-04
  NLK BCE solve succeeded:   2 iterations, error= 1.24717E-04
HEAT TRANSFER FUNCTION NORMS
  HC error: ||F||_2 = 3.034E-03 (initial)
  HC error: ||F||_2 = 9.831E-10, scaled = 3.241E-01
    1: error= 3.24063E-01
  HC error: ||F||_2 = 4.198E-13, scaled = 1.384E-04
    2: error= 1.38392E-04
  NLK BCE solve succeeded:   2 iterations, error= 1.38392E-04
HEAT TRANSFER FUNCTION NORMS
  HC error: ||F||_2 = 3.640E-03 (initial)
  HC error: ||F||_2 = 1.061E-09, scaled = 2.914E-01
    1: error= 2.91434E-01
  HC error: ||F||_2 = 3.230E-13, scaled = 8.874E-05
    2: error= 8.87420E-05
  NLK BCE solve succeeded:   2 iterations, error= 8.87420E-05
HEAT TRANSFER FUNCTION NORMS
  HC error: ||F||_2 = 3.175E-03 (initial)
  HC error: ||F||_2 = 7.031E-10, scaled = 2.215E-01
    1: error= 2.21475E-01
  HC error: ||F||_2 = 2.197E-13, scaled = 6.922E-05
    2: error= 6.92197E-05
  NLK BCE solve succeeded:   2 iterations, error= 6.92197E-05
HEAT TRANSFER FUNCTION NORMS
  HC error: ||F||_2 = 3.521E-03 (initial)
  HC error: ||F||_2 = 8.726E-10, scaled = 2.478E-01
    1: error= 2.47825E-01
  HC error: ||F||_2 = 3.391E-13, scaled = 9.630E-05
    2: error= 9.62988E-05
  NLK BCE solve succeeded:   2 iterations, error= 9.62988E-05
HEAT TRANSFER FUNCTION NORMS
  HC error: ||F||_2 = 3.642E-03 (initial)
  HC error: ||F||_2 = 1.045E-09, scaled = 2.869E-01
    1: error= 2.86894E-01
  HC error: ||F||_2 = 4.498E-13, scaled = 1.235E-04
    2: error= 1.23514E-04
  NLK BCE solve succeeded:   2 iterations, error= 1.23514E-04
HEAT TRANSFER FUNCTION NORMS
  HC error: ||F||_2 = 3.175E-03 (initial)
  HC error: ||F||_2 = 7.831E-10, scaled = 2.466E-01
    1: error= 2.46638E-01
  HC error: ||F||_2 = 3.151E-13, scaled = 9.924E-05
    2: error= 9.92442E-05
  NLK BCE solve succeeded:   2 iterations, error= 9.92442E-05
HEAT TRANSFER FUNCTION NORMS
  HC error: ||F||_2 = 3.845E-03 (initial)
  HC error: ||F||_2 = 1.163E-09, scaled = 3.026E-01
    1: error= 3.02563E-01
  HC error: ||F||_2 = 7.185E-13, scaled = 1.869E-04
    2: error= 1.86883E-04
  NLK BCE solve succeeded:   2 iterations, error= 1.86883E-04
HEAT TRANSFER FUNCTION NORMS
  HC error: ||F||_2 = 3.408E-03 (initial)
  HC error: ||F||_2 = 6.399E-10, scaled = 1.878E-01
    1: error= 1.87796E-01
  HC error: ||F||_2 = 2.981E-13, scaled = 8.747E-05
    2: error= 8.74732E-05
  NLK BCE solve succeeded:   2 iterations, error= 8.74732E-05
HEAT TRANSFER FUNCTION NORMS
  HC error: ||F||_2 = 3.361E-03 (initial)
  HC error: ||F||_2 = 7.413E-10, scaled = 2.205E-01
    1: error= 2.20541E-01
  HC error: ||F||_2 = 3.437E-13, scaled = 1.023E-04
    2: error= 1.02262E-04
  NLK BCE solve succeeded:   2 iterations, error= 1.02262E-04
HEAT TRANSFER FUNCTION NORMS
  HC error: ||F||_2 = 3.732E-03 (initial)
  HC error: ||F||_2 = 8.453E-10, scaled = 2.265E-01
    1: error= 2.26467E-01
  HC error: ||F||_2 = 4.485E-13, scaled = 1.202E-04
    2: error= 1.20159E-04
  NLK BCE solve succeeded:   2 iterations, error= 1.20159E-04
HEAT TRANSFER FUNCTION NORMS
  HC error: ||F||_2 = 3.303E-03 (initial)
  HC error: ||F||_2 = 6.954E-10, scaled = 2.106E-01
    1: error= 2.10551E-01
  HC error: ||F||_2 = 3.034E-13, scaled = 9.186E-05
    2: error= 9.18603E-05
  NLK BCE solve succeeded:   2 iterations, error= 9.18603E-05
HEAT TRANSFER FUNCTION NORMS
  HC error: ||F||_2 = 3.294E-03 (initial)
  HC error: ||F||_2 = 4.217E-10, scaled = 1.280E-01
    1: error= 1.28003E-01
  HC error: ||F||_2 = 1.498E-13, scaled = 4.548E-05
    2: error= 4.54784E-05
  NLK BCE solve succeeded:   2 iterations, error= 4.54784E-05
HEAT TRANSFER FUNCTION NORMS
  HC error: ||F||_2 = 2.558E-03 (initial)
  HC error: ||F||_2 = 2.625E-10, scaled = 1.026E-01
    1: error= 1.02595E-01
  HC error: ||F||_2 = 1.404E-13, scaled = 5.488E-05
    2: error= 5.48822E-05
  NLK BCE solve succeeded:   2 iterations, error= 5.48822E-05
